[90m2026-08-05T20:24:56Z[0m DBG [1mk8s.io/client-go@v0.35.4/features/envvar.go:172[0m[36m >[0m Feature gate default state [36menabled=[0mfalse [36mfeature=[0mClientsAllowCBOR [36mlogger=[0mklog [36mv=[0m1
[90m2026-08-05T20:24:56Z[0m [34mTRC[0m [1mgithub.com/kyverno/kyverno/cmd/internal/configmap.go:36[0m[36m >[0m create metrics-config-controller... [36mlogger=[0msetup/metrics-config-controller [36mv=[0m2
[90m2026-08-05T20:24:57Z[0m [34mTRC[0m [1mk8s.io/client-go@v0.35.4/tools/cache/reflector.go:446[0m[36m >[0m Caches populated [36mlogger=[0mklog [36mreflector=[0mk8s.io/client-go@v0.35.4/tools/cache/reflector.go:289 [36mtype=[0m*v1.ConfigMap [36mv=[0m2
[90m2026-08-05T20:24:57Z[0m [34mTRC[0m [1mgithub.com/kyverno/kyverno/cmd/internal/configmap.go:52[0m[36m >[0m done creating metrics-config-controller [36mlogger=[0msetup/metrics-config-controller [36mv=[0m2
[90m2026-08-05T20:24:57Z[0m [34mTRC[0m [1mgithub.com/kyverno/kyverno/cmd/internal/metrics.go:27[0m[36m >[0m setup metrics... [36mcollector=[0mopentelemetrycollector.kyverno.svc.cluster.local [36mcreds=[0m [36mexemplarFilter=[0mtrace-based [36mlogger=[0msetup/metrics [36motel=[0mprometheus [36mport=[0m8000 [36mtlsSecretName=[0m [36mv=[0m2
[90m2026-08-05T20:24:57Z[0m [34mTRC[0m [1mgithub.com/kyverno/kyverno/cmd/internal/configmap.go:15[0m[36m >[0m create config-controller... [36mlogger=[0msetup/config-controller [36mv=[0m2
[90m2026-08-05T20:24:57Z[0m [32mINF[0m [1mgithub.com/kyverno/kyverno/cmd/internal/metrics.go:159[0m[36m >[0m [1mStarting HTTP metrics server[0m [36maddress=[0m[]:8000 [36mlogger=[0msetup/metrics [36mv=[0m0
[90m2026-08-05T20:24:57Z[0m [34mTRC[0m [1mk8s.io/client-go@v0.35.4/tools/cache/reflector.go:446[0m[36m >[0m Caches populated [36mlogger=[0mklog [36mreflector=[0mk8s.io/client-go@v0.35.4/tools/cache/reflector.go:289 [36mtype=[0m*v1.ConfigMap [36mv=[0m2
[90m2026-08-05T20:24:57Z[0m [34mTRC[0m [1mgithub.com/kyverno/kyverno/pkg/config/config.go:429[0m[36m >[0m defaultRegistry configured [36mdefaultRegistry=[0mdocker.io [36mlogger=[0mconfig [36mname=[0mkyverno [36mnamespace=[0mkyverno [36mv=[0m2
[90m2026-08-05T20:24:57Z[0m [34mTRC[0m [1mgithub.com/kyverno/kyverno/pkg/config/config.go:445[0m[36m >[0m enableDefaultRegistryMutation configured [36menableDefaultRegistryMutation=[0mtrue [36mlogger=[0mconfig [36mname=[0mkyverno [36mnamespace=[0mkyverno [36mv=[0m2
[90m2026-08-05T20:24:57Z[0m [34mTRC[0m [1mgithub.com/kyverno/kyverno/pkg/config/config.go:454[0m[36m >[0m excludedGroups configured [36mexcludeGroups=[0m["system:nodes"] [36mincludeGroups=[0m[] [36mlogger=[0mconfig [36mname=[0mkyverno [36mnamespace=[0mkyverno [36mv=[0m2
[90m2026-08-05T20:24:57Z[0m [34mTRC[0m [1mgithub.com/kyverno/kyverno/pkg/config/config.go:459[0m[36m >[0m excludeUsernames not set [36mlogger=[0mconfig [36mname=[0mkyverno [36mnamespace=[0mkyverno [36mv=[0m2
[90m2026-08-05T20:24:57Z[0m [34mTRC[0m [1mgithub.com/kyverno/kyverno/pkg/config/config.go:467[0m[36m >[0m excludeRoles not set [36mlogger=[0mconfig [36mname=[0mkyverno [36mnamespace=[0mkyverno [36mv=[0m2
[90m2026-08-05T20:24:57Z[0m [34mTRC[0m [1mgithub.com/kyverno/kyverno/pkg/config/config.go:475[0m[36m >[0m excludeClusterRoles not set [36mlogger=[0mconfig [36mname=[0mkyverno [36mnamespace=[0mkyverno [36mv=[0m2
[90m2026-08-05T20:24:57Z[0m [34mTRC[0m [1mgithub.com/kyverno/kyverno/pkg/config/config.go:491[0m[36m >[0m generateSuccessEvents configured [36mgenerateSuccessEvents=[0mfalse [36mlogger=[0mconfig [36mname=[0mkyverno [36mnamespace=[0mkyverno [36mv=[0m2
[90m2026-08-05T20:24:57Z[0m [34mTRC[0m [1mgithub.com/kyverno/kyverno/pkg/config/config.go:497[0m[36m >[0m successEventActions not set [36mlogger=[0mconfig [36mname=[0mkyverno [36mnamespace=[0mkyverno [36mv=[0m2
[90m2026-08-05T20:24:57Z[0m [34mTRC[0m [1mgithub.com/kyverno/kyverno/pkg/config/config.go:521[0m[36m >[0m webhooks configured [36mlogger=[0mconfig [36mname=[0mkyverno [36mnamespace=[0mkyverno [36mv=[0m2 [36mwebhooks=[0m"{\"namespaceSelector\":{\"matchExpressions\":[{\"key\":\"kubernetes.io/metadata.name\",\"operator\":\"NotIn\",\"values\":[\"kube-system\"]},{\"key\":\"kubernetes.io/metadata.name\",\"operator\":\"NotIn\",\"values\":[\"kyverno\"]}],\"matchLabels\":null}}"
[90m2026-08-05T20:24:57Z[0m [34mTRC[0m [1mgithub.com/kyverno/kyverno/pkg/config/config.go:535[0m[36m >[0m webhookAnnotations configured [36mlogger=[0mconfig [36mname=[0mkyverno [36mnamespace=[0mkyverno [36mv=[0m2 [36mwebhookAnnotations=[0m"{\"admissions.enforcer/disabled\":\"true\"}"
[90m2026-08-05T20:24:57Z[0m [34mTRC[0m [1mgithub.com/kyverno/kyverno/pkg/config/config.go:541[0m[36m >[0m webhookLabels not set [36mlogger=[0mconfig [36mname=[0mkyverno [36mnamespace=[0mkyverno [36mv=[0m2
[90m2026-08-05T20:24:57Z[0m [34mTRC[0m [1mgithub.com/kyverno/kyverno/pkg/config/config.go:555[0m[36m >[0m matchConditions not set [36mlogger=[0mconfig [36mname=[0mkyverno [36mnamespace=[0mkyverno [36mv=[0m2
[90m2026-08-05T20:24:57Z[0m [34mTRC[0m [1mgithub.com/kyverno/kyverno/pkg/config/config.go:576[0m[36m >[0m enableDefaultRegistryMutation configured [36menableDefaultRegistryMutation=[0mtrue [36mlogger=[0mconfig [36mname=[0mkyverno [36mnamespace=[0mkyverno [36mv=[0m2
[90m2026-08-05T20:24:57Z[0m [34mTRC[0m [1mgithub.com/kyverno/kyverno/pkg/config/config.go:591[0m[36m >[0m maxContextSize not set, using default [36mdefault=[0m2097152 [36mlogger=[0mconfig [36mname=[0mkyverno [36mnamespace=[0mkyverno [36mv=[0m2
[90m2026-08-05T20:24:57Z[0m [34mTRC[0m [1mgithub.com/kyverno/kyverno/cmd/internal/configmap.go:31[0m[36m >[0m done creating config-controller [36mlogger=[0msetup/config-controller [36mv=[0m2
[90m2026-08-05T20:24:57Z[0m [34mTRC[0m [1mgithub.com/kyverno/kyverno/cmd/internal/registry.go:18[0m[36m >[0m setup registry client... [36minsecure=[0mfalse [36mlogger=[0msetup/registry-client [36msecrets=[0m [36mv=[0m2
[90m2026-08-05T20:24:57Z[0m [34mTRC[0m [1mk8s.io/client-go@v0.35.4/tools/cache/reflector.go:446[0m[36m >[0m Caches populated [36mlogger=[0mklog [36mreflector=[0mk8s.io/client-go@v0.35.4/tools/cache/reflector.go:289 [36mtype=[0m*v1.Secret [36mv=[0m2
[90m2026-08-05T20:24:57Z[0m [34mTRC[0m [1mgithub.com/kyverno/kyverno/cmd/internal/imageverifycache.go:10[0m[36m >[0m setup image verify cache... [36menabled=[0mtrue [36mlogger=[0msetup/image-verify-cache [36mmaxsize=[0m1000 [36mttl=[0m1h0m0s [36mv=[0m2
[90m2026-08-05T20:24:57Z[0m [34mTRC[0m [1mgithub.com/kyverno/kyverno/cmd/internal/client.go:44[0m[36m >[0m create kube client... [36mburst=[0m200 [36mkubeconfig=[0m [36mlogger=[0msetup/kube-client [36mqps=[0m100 [36mv=[0m2
[90m2026-08-05T20:24:57Z[0m [34mTRC[0m [1mgithub.com/kyverno/kyverno/cmd/internal/client.go:60[0m[36m >[0m create kyverno client... [36mburst=[0m200 [36mkubeconfig=[0m [36mlogger=[0msetup/kyverno-client [36mqps=[0m100 [36mv=[0m2
[90m2026-08-05T20:24:57Z[0m [34mTRC[0m [1mgithub.com/kyverno/kyverno/cmd/internal/client.go:68[0m[36m >[0m create dynamic client... [36mburst=[0m200 [36mkubeconfig=[0m [36mlogger=[0msetup/dynamic-client [36mqps=[0m100 [36mv=[0m2
[90m2026-08-05T20:24:57Z[0m [34mTRC[0m [1mgithub.com/kyverno/kyverno/cmd/internal/client.go:84[0m[36m >[0m create apiserver client... [36mburst=[0m200 [36mkubeconfig=[0m [36mlogger=[0msetup/apiserver-client [36mqps=[0m100 [36mv=[0m2
[90m2026-08-05T20:24:57Z[0m [34mTRC[0m [1mgithub.com/kyverno/kyverno/cmd/internal/client.go:76[0m[36m >[0m create metadata client... [36mburst=[0m200 [36mkubeconfig=[0m [36mlogger=[0msetup/metadata-client [36mqps=[0m100 [36mv=[0m2
[90m2026-08-05T20:24:57Z[0m [34mTRC[0m [1mgithub.com/kyverno/kyverno/cmd/internal/client.go:92[0m[36m >[0m create the kyverno dynamic client... [36mburst=[0m200 [36mkubeconfig=[0m [36mlogger=[0msetup/d-client [36mqps=[0m100 [36mv=[0m2
[90m2026-08-05T20:24:57Z[0m [34mTRC[0m [1mgithub.com/kyverno/kyverno/cmd/internal/client.go:100[0m[36m >[0m create the events client... [36mburst=[0m200 [36mkubeconfig=[0m [36mlogger=[0msetup/events-client [36mqps=[0m100 [36mv=[0m2
[90m2026-08-05T20:24:57Z[0m [34mTRC[0m [1mgithub.com/kyverno/kyverno/cmd/internal/client.go:44[0m[36m >[0m create kube client... [36mburst=[0m200 [36mkubeconfig=[0m [36mlogger=[0msetup/events-client/kube-client [36mqps=[0m100 [36mv=[0m2
[90m2026-08-05T20:24:57Z[0m [34mTRC[0m [1mgithub.com/kyverno/kyverno/cmd/internal/reporting.go:13[0m[36m >[0m setting up reporting... [36menableReporting=[0mvalidate,mutate,mutateExisting,imageVerify,generate [36mgenerate=[0mtrue [36mimageVerify=[0mtrue [36mlogger=[0msetup/setup-reporting [36mmutate=[0mtrue [36mmutateExisiting=[0mtrue [36mv=[0m2 [36mvalidate=[0mtrue
[90m2026-08-05T20:24:57Z[0m [34mTRC[0m [1mk8s.io/client-go@v0.35.4/tools/cache/reflector.go:446[0m[36m >[0m Caches populated [36mlogger=[0mklog [36mreflector=[0mk8s.io/client-go@v0.35.4/tools/cache/reflector.go:289 [36mtype=[0m*v1.Secret [36mv=[0m2
[90m2026-08-05T20:24:57Z[0m [34mTRC[0m [1mk8s.io/client-go@v0.35.4/tools/cache/reflector.go:446[0m[36m >[0m Caches populated [36mlogger=[0mklog [36mreflector=[0mk8s.io/client-go@v0.35.4/tools/cache/reflector.go:289 [36mtype=[0m*v1.Secret [36mv=[0m2
[90m2026-08-05T20:24:57Z[0m [34mTRC[0m [1mk8s.io/client-go@v0.35.4/tools/cache/reflector.go:446[0m[36m >[0m Caches populated [36mlogger=[0mklog [36mreflector=[0mk8s.io/client-go@v0.35.4/tools/cache/reflector.go:289 [36mtype=[0m*v1.Deployment [36mv=[0m2
[90m2026-08-05T20:24:58Z[0m [34mTRC[0m [1mgithub.com/kyverno/kyverno/cmd/internal/engine.go:63[0m[36m >[0m setup exception selector... [36menablePolicyException=[0mfalse [36mexceptionNamespace=[0m [36mlogger=[0msetup/exception-selector [36mv=[0m2
[90m2026-08-05T20:24:58Z[0m [34mTRC[0m [1mgithub.com/kyverno/kyverno/cmd/internal/engine.go:92[0m[36m >[0m setup config map resolver... [36menableConfigMapCaching=[0mtrue [36mlogger=[0msetup/configmap-resolver [36mv=[0m2
[90m2026-08-05T20:24:58Z[0m [34mTRC[0m [1mk8s.io/client-go@v0.35.4/tools/cache/reflector.go:446[0m[36m >[0m Caches populated [36mlogger=[0mklog [36mreflector=[0mk8s.io/client-go@v0.35.4/tools/cache/reflector.go:289 [36mtype=[0m*v1.ConfigMap [36mv=[0m2
[90m2026-08-05T20:24:58Z[0m [34mTRC[0m [1mgithub.com/kyverno/kyverno/cmd/internal/engine.go:45[0m[36m >[0m setup engine... [36mlogger=[0msetup/engine [36mv=[0m2
[90m2026-08-05T20:24:58Z[0m [34mTRC[0m [1mk8s.io/client-go@v0.35.4/tools/cache/reflector.go:446[0m[36m >[0m Caches populated [36mlogger=[0mklog [36mreflector=[0mk8s.io/client-go@v0.35.4/tools/cache/reflector.go:289 [36mtype=[0m*v2beta1.GlobalContextEntry [36mv=[0m2
[90m2026-08-05T20:24:58Z[0m [34mTRC[0m [1mk8s.io/client-go@v0.35.4/tools/cache/reflector.go:446[0m[36m >[0m Caches populated [36mlogger=[0mklog [36mreflector=[0mk8s.io/client-go@v0.35.4/tools/cache/reflector.go:289 [36mtype=[0m*v1.Policy [36mv=[0m2
[90m2026-08-05T20:24:58Z[0m [34mTRC[0m [1mk8s.io/client-go@v0.35.4/tools/cache/reflector.go:446[0m[36m >[0m Caches populated [36mlogger=[0mklog [36mreflector=[0mk8s.io/client-go@v0.35.4/tools/cache/reflector.go:289 [36mtype=[0m*v1.Deployment [36mv=[0m2
[90m2026-08-05T20:24:58Z[0m [34mTRC[0m [1mk8s.io/client-go@v0.35.4/tools/cache/reflector.go:446[0m[36m >[0m Caches populated [36mlogger=[0mklog [36mreflector=[0mk8s.io/client-go@v0.35.4/tools/cache/reflector.go:289 [36mtype=[0m*v1.ClusterPolicy [36mv=[0m2
[90m2026-08-05T20:24:58Z[0m [32mINF[0m [1msigs.k8s.io/controller-runtime@v0.23.3/pkg/metrics/server/server.go:208[0m[36m >[0m [1mStarting metrics server[0m [36mlogger=[0mcontroller-runtime/metrics [36mv=[0m0
[90m2026-08-05T20:24:58Z[0m [32mINF[0m [1msigs.k8s.io/controller-runtime@v0.23.3/pkg/metrics/server/server.go:247[0m[36m >[0m [1mServing metrics server[0m [36mbindAddress=[0m:8080 [36mlogger=[0mcontroller-runtime/metrics [36msecure=[0mfalse [36mv=[0m0
[90m2026-08-05T20:24:58Z[0m [32mINF[0m [1msigs.k8s.io/controller-runtime@v0.23.3/pkg/internal/controller/controller.go:370[0m[36m >[0m [1mStarting EventSource[0m [36mcontroller=[0mnamespacedmutatingpolicy [36mcontrollerGroup=[0mpolicies.kyverno.io [36mcontrollerKind=[0mNamespacedMutatingPolicy [36msource=[0m"kind source: *v1beta1.NamespacedMutatingPolicy" [36mv=[0m0
[90m2026-08-05T20:24:58Z[0m [32mINF[0m [1msigs.k8s.io/controller-runtime@v0.23.3/pkg/internal/controller/controller.go:370[0m[36m >[0m [1mStarting EventSource[0m [36mcontroller=[0mimagevalidatingpolicy [36mcontrollerGroup=[0mpolicies.kyverno.io [36mcontrollerKind=[0mImageValidatingPolicy [36msource=[0m"kind source: *v1beta1.ImageValidatingPolicy" [36mv=[0m0
[90m2026-08-05T20:24:58Z[0m [32mINF[0m [1msigs.k8s.io/controller-runtime@v0.23.3/pkg/internal/controller/controller.go:370[0m[36m >[0m [1mStarting EventSource[0m [36mcontroller=[0mnamespacedvalidatingpolicy [36mcontrollerGroup=[0mpolicies.kyverno.io [36mcontrollerKind=[0mNamespacedValidatingPolicy [36msource=[0m"kind source: *v1beta1.NamespacedValidatingPolicy" [36mv=[0m0
[90m2026-08-05T20:24:58Z[0m [32mINF[0m [1msigs.k8s.io/controller-runtime@v0.23.3/pkg/internal/controller/controller.go:370[0m[36m >[0m [1mStarting EventSource[0m [36mcontroller=[0mvalidatingpolicy [36mcontrollerGroup=[0mpolicies.kyverno.io [36mcontrollerKind=[0mValidatingPolicy [36msource=[0m"kind source: *v1beta1.ValidatingPolicy" [36mv=[0m0
[90m2026-08-05T20:24:58Z[0m [32mINF[0m [1msigs.k8s.io/controller-runtime@v0.23.3/pkg/internal/controller/controller.go:370[0m[36m >[0m [1mStarting EventSource[0m [36mcontroller=[0mmutatingpolicy [36mcontrollerGroup=[0mpolicies.kyverno.io [36mcontrollerKind=[0mMutatingPolicy [36msource=[0m"kind source: *v1beta1.MutatingPolicy" [36mv=[0m0
[90m2026-08-05T20:24:58Z[0m [32mINF[0m [1msigs.k8s.io/controller-runtime@v0.23.3/pkg/internal/controller/controller.go:370[0m[36m >[0m [1mStarting EventSource[0m [36mcontroller=[0mnamespacedimagevalidatingpolicy [36mcontrollerGroup=[0mpolicies.kyverno.io [36mcontrollerKind=[0mNamespacedImageValidatingPolicy [36msource=[0m"kind source: *v1beta1.NamespacedImageValidatingPolicy" [36mv=[0m0
[90m2026-08-05T20:24:58Z[0m [34mTRC[0m [1mk8s.io/client-go@v0.35.4/tools/cache/reflector.go:446[0m[36m >[0m Caches populated [36mlogger=[0mcontroller-runtime/cache [36mreflector=[0mk8s.io/client-go@v0.35.4/tools/cache/reflector.go:289 [36mtype=[0m*v1beta1.ValidatingPolicy [36mv=[0m2
[90m2026-08-05T20:24:59Z[0m [34mTRC[0m [1mk8s.io/client-go@v0.35.4/tools/cache/reflector.go:446[0m[36m >[0m Caches populated [36mlogger=[0mcontroller-runtime/cache [36mreflector=[0mk8s.io/client-go@v0.35.4/tools/cache/reflector.go:289 [36mtype=[0m*v1beta1.NamespacedMutatingPolicy [36mv=[0m2
[90m2026-08-05T20:24:59Z[0m [34mTRC[0m [1mk8s.io/client-go@v0.35.4/tools/cache/reflector.go:446[0m[36m >[0m Caches populated [36mlogger=[0mcontroller-runtime/cache [36mreflector=[0mk8s.io/client-go@v0.35.4/tools/cache/reflector.go:289 [36mtype=[0m*v1beta1.NamespacedValidatingPolicy [36mv=[0m2
[90m2026-08-05T20:24:59Z[0m [34mTRC[0m [1mk8s.io/client-go@v0.35.4/tools/cache/reflector.go:446[0m[36m >[0m Caches populated [36mlogger=[0mcontroller-runtime/cache [36mreflector=[0mk8s.io/client-go@v0.35.4/tools/cache/reflector.go:289 [36mtype=[0m*v1beta1.NamespacedImageValidatingPolicy [36mv=[0m2
[90m2026-08-05T20:24:59Z[0m [34mTRC[0m [1mk8s.io/client-go@v0.35.4/tools/cache/reflector.go:446[0m[36m >[0m Caches populated [36mlogger=[0mcontroller-runtime/cache [36mreflector=[0mk8s.io/client-go@v0.35.4/tools/cache/reflector.go:289 [36mtype=[0m*v1beta1.ImageValidatingPolicy [36mv=[0m2
[90m2026-08-05T20:24:59Z[0m [34mTRC[0m [1mk8s.io/client-go@v0.35.4/tools/cache/reflector.go:446[0m[36m >[0m Caches populated [36mlogger=[0mcontroller-runtime/cache [36mreflector=[0mk8s.io/client-go@v0.35.4/tools/cache/reflector.go:289 [36mtype=[0m*v1beta1.MutatingPolicy [36mv=[0m2
[90m2026-08-05T20:24:59Z[0m [32mINF[0m [1msigs.k8s.io/controller-runtime@v0.23.3/pkg/internal/controller/controller.go:303[0m[36m >[0m [1mStarting Controller[0m [36mcontroller=[0mnamespacedvalidatingpolicy [36mcontrollerGroup=[0mpolicies.kyverno.io [36mcontrollerKind=[0mNamespacedValidatingPolicy [36mv=[0m0
[90m2026-08-05T20:24:59Z[0m [32mINF[0m [1msigs.k8s.io/controller-runtime@v0.23.3/pkg/internal/controller/controller.go:306[0m[36m >[0m [1mStarting workers[0m [36mcontroller=[0mnamespacedvalidatingpolicy [36mcontrollerGroup=[0mpolicies.kyverno.io [36mcontrollerKind=[0mNamespacedValidatingPolicy [36mv=[0m0 [36mworker count=[0m1
[90m2026-08-05T20:24:59Z[0m [32mINF[0m [1msigs.k8s.io/controller-runtime@v0.23.3/pkg/internal/controller/controller.go:303[0m[36m >[0m [1mStarting Controller[0m [36mcontroller=[0mmutatingpolicy [36mcontrollerGroup=[0mpolicies.kyverno.io [36mcontrollerKind=[0mMutatingPolicy [36mv=[0m0
[90m2026-08-05T20:24:59Z[0m [32mINF[0m [1msigs.k8s.io/controller-runtime@v0.23.3/pkg/internal/controller/controller.go:303[0m[36m >[0m [1mStarting Controller[0m [36mcontroller=[0mvalidatingpolicy [36mcontrollerGroup=[0mpolicies.kyverno.io [36mcontrollerKind=[0mValidatingPolicy [36mv=[0m0
[90m2026-08-05T20:24:59Z[0m [32mINF[0m [1msigs.k8s.io/controller-runtime@v0.23.3/pkg/internal/controller/controller.go:303[0m[36m >[0m [1mStarting Controller[0m [36mcontroller=[0mnamespacedmutatingpolicy [36mcontrollerGroup=[0mpolicies.kyverno.io [36mcontrollerKind=[0mNamespacedMutatingPolicy [36mv=[0m0
[90m2026-08-05T20:24:59Z[0m [32mINF[0m [1msigs.k8s.io/controller-runtime@v0.23.3/pkg/internal/controller/controller.go:306[0m[36m >[0m [1mStarting workers[0m [36mcontroller=[0mnamespacedmutatingpolicy [36mcontrollerGroup=[0mpolicies.kyverno.io [36mcontrollerKind=[0mNamespacedMutatingPolicy [36mv=[0m0 [36mworker count=[0m1
[90m2026-08-05T20:24:59Z[0m [32mINF[0m [1msigs.k8s.io/controller-runtime@v0.23.3/pkg/internal/controller/controller.go:306[0m[36m >[0m [1mStarting workers[0m [36mcontroller=[0mmutatingpolicy [36mcontrollerGroup=[0mpolicies.kyverno.io [36mcontrollerKind=[0mMutatingPolicy [36mv=[0m0 [36mworker count=[0m1
[90m2026-08-05T20:24:59Z[0m [32mINF[0m [1msigs.k8s.io/controller-runtime@v0.23.3/pkg/internal/controller/controller.go:306[0m[36m >[0m [1mStarting workers[0m [36mcontroller=[0mvalidatingpolicy [36mcontrollerGroup=[0mpolicies.kyverno.io [36mcontrollerKind=[0mValidatingPolicy [36mv=[0m0 [36mworker count=[0m1
[90m2026-08-05T20:24:59Z[0m [32mINF[0m [1msigs.k8s.io/controller-runtime@v0.23.3/pkg/internal/controller/controller.go:303[0m[36m >[0m [1mStarting Controller[0m [36mcontroller=[0mnamespacedimagevalidatingpolicy [36mcontrollerGroup=[0mpolicies.kyverno.io [36mcontrollerKind=[0mNamespacedImageValidatingPolicy [36mv=[0m0
[90m2026-08-05T20:24:59Z[0m [32mINF[0m [1msigs.k8s.io/controller-runtime@v0.23.3/pkg/internal/controller/controller.go:303[0m[36m >[0m [1mStarting Controller[0m [36mcontroller=[0mimagevalidatingpolicy [36mcontrollerGroup=[0mpolicies.kyverno.io [36mcontrollerKind=[0mImageValidatingPolicy [36mv=[0m0
[90m2026-08-05T20:24:59Z[0m [32mINF[0m [1msigs.k8s.io/controller-runtime@v0.23.3/pkg/internal/controller/controller.go:306[0m[36m >[0m [1mStarting workers[0m [36mcontroller=[0mimagevalidatingpolicy [36mcontrollerGroup=[0mpolicies.kyverno.io [36mcontrollerKind=[0mImageValidatingPolicy [36mv=[0m0 [36mworker count=[0m1
[90m2026-08-05T20:24:59Z[0m [32mINF[0m [1msigs.k8s.io/controller-runtime@v0.23.3/pkg/internal/controller/controller.go:306[0m[36m >[0m [1mStarting workers[0m [36mcontroller=[0mnamespacedimagevalidatingpolicy [36mcontrollerGroup=[0mpolicies.kyverno.io [36mcontrollerKind=[0mNamespacedImageValidatingPolicy [36mv=[0m0 [36mworker count=[0m1
[90m2026-08-05T20:24:59Z[0m [34mTRC[0m [1mk8s.io/client-go@v0.35.4/tools/cache/reflector.go:446[0m[36m >[0m Caches populated [36mlogger=[0mklog [36mreflector=[0mk8s.io/client-go@v0.35.4/tools/cache/reflector.go:289 [36mtype=[0m*v1beta1.NamespacedGeneratingPolicy [36mv=[0m2
[90m2026-08-05T20:24:59Z[0m [34mTRC[0m [1mk8s.io/client-go@v0.35.4/tools/cache/reflector.go:446[0m[36m >[0m Caches populated [36mlogger=[0mklog [36mreflector=[0mk8s.io/client-go@v0.35.4/tools/cache/reflector.go:289 [36mtype=[0m*v1beta1.GeneratingPolicy [36mv=[0m2
[90m2026-08-05T20:24:59Z[0m [34mTRC[0m [1mk8s.io/client-go@v0.35.4/tools/cache/reflector.go:446[0m[36m >[0m Caches populated [36mlogger=[0mklog [36mreflector=[0mk8s.io/client-go@v0.35.4/tools/cache/reflector.go:289 [36mtype=[0m*v1beta1.PolicyException [36mv=[0m2
[90m2026-08-05T20:24:59Z[0m [34mTRC[0m [1mk8s.io/client-go@v0.35.4/tools/cache/reflector.go:446[0m[36m >[0m Caches populated [36mlogger=[0mklog [36mreflector=[0mk8s.io/client-go@v0.35.4/tools/cache/reflector.go:289 [36mtype=[0m*v1.RoleBinding [36mv=[0m2
[90m2026-08-05T20:24:59Z[0m [34mTRC[0m [1mk8s.io/client-go@v0.35.4/tools/cache/reflector.go:446[0m[36m >[0m Caches populated [36mlogger=[0mklog [36mreflector=[0mk8s.io/client-go@v0.35.4/tools/cache/reflector.go:289 [36mtype=[0m*v2.UpdateRequest [36mv=[0m2
[90m2026-08-05T20:24:59Z[0m [34mTRC[0m [1mk8s.io/client-go@v0.35.4/tools/cache/reflector.go:446[0m[36m >[0m Caches populated [36mlogger=[0mklog [36mreflector=[0mk8s.io/client-go@v0.35.4/tools/cache/reflector.go:289 [36mtype=[0m*v1.Namespace [36mv=[0m2
[90m2026-08-05T20:24:59Z[0m [34mTRC[0m [1mk8s.io/client-go@v0.35.4/tools/cache/reflector.go:446[0m[36m >[0m Caches populated [36mlogger=[0mklog [36mreflector=[0mk8s.io/client-go@v0.35.4/tools/cache/reflector.go:289 [36mtype=[0m*v1.ClusterRoleBinding [36mv=[0m2
[90m2026-08-05T20:24:59Z[0m [32mINF[0m [1mk8s.io/client-go@v0.35.4/tools/leaderelection/leaderelection.go:258[0m[36m >[0m [1mAttempting to acquire leader lease...[0m [36mlock=[0mkyverno/kyverno [36mlogger=[0mklog [36mv=[0m0
[90m2026-08-05T20:24:59Z[0m [34mTRC[0m [1mgithub.com/kyverno/kyverno/cmd/internal/controller.go:32[0m[36m >[0m starting controller [36mlogger=[0msetup [36mname=[0mglobal-context [36mv=[0m2 [36mworkers=[0m1
[90m2026-08-05T20:24:59Z[0m [34mTRC[0m [1mgithub.com/kyverno/kyverno/cmd/internal/controller.go:32[0m[36m >[0m starting controller [36mlogger=[0msetup/controllers [36mname=[0mpolicycache-controller [36mv=[0m2 [36mworkers=[0m3
[90m2026-08-05T20:24:59Z[0m [34mTRC[0m [1mgithub.com/kyverno/kyverno/cmd/internal/controller.go:32[0m[36m >[0m starting controller [36mlogger=[0msetup [36mname=[0mkyverno-events [36mv=[0m2 [36mworkers=[0m3
[90m2026-08-05T20:24:59Z[0m [34mTRC[0m [1mgithub.com/kyverno/kyverno/pkg/event/controller.go:125[0m[36m >[0m start [36mlogger=[0mEventGenerator [36mv=[0m2
[90m2026-08-05T20:24:59Z[0m [32mINF[0m [1mk8s.io/client-go@v0.35.4/tools/leaderelection/leaderelection.go:272[0m[36m >[0m [1mSuccessfully acquired lease[0m [36mlock=[0mkyverno/kyverno [36mlogger=[0mklog [36mv=[0m0
[90m2026-08-05T20:24:59Z[0m [34mTRC[0m [1mgithub.com/kyverno/kyverno/pkg/leaderelection/leaderelection.go:82[0m[36m >[0m started leading [36mid=[0mkyverno-admission-controller-f849f45fd-2fzqt [36mlogger=[0msetup/leader-election [36mv=[0m2
[90m2026-08-05T20:24:59Z[0m [34mTRC[0m [1mgithub.com/kyverno/kyverno/cmd/kyverno/main.go:322[0m[36m >[0m MutatingAdmissionPolicy API is not registered, skipping MAP informers [36merror=[0m[31m[1m"mutating admission policy API is not registered"[0m[0m [36mv=[0m2
[90m2026-08-05T20:24:59Z[0m [34mTRC[0m [1mk8s.io/client-go@v0.35.4/tools/cache/reflector.go:446[0m[36m >[0m Caches populated [36mlogger=[0mklog [36mreflector=[0mk8s.io/client-go@v0.35.4/tools/cache/reflector.go:289 [36mtype=[0m*v1.Lease [36mv=[0m2
[90m2026-08-05T20:24:59Z[0m [34mTRC[0m [1mk8s.io/client-go@v0.35.4/tools/cache/reflector.go:446[0m[36m >[0m Caches populated [36mlogger=[0mklog [36mreflector=[0mk8s.io/client-go@v0.35.4/tools/cache/reflector.go:289 [36mtype=[0m*v1.ValidatingAdmissionPolicy [36mv=[0m2
[90m2026-08-05T20:24:59Z[0m [34mTRC[0m [1mk8s.io/client-go@v0.35.4/tools/cache/reflector.go:446[0m[36m >[0m Caches populated [36mlogger=[0mklog [36mreflector=[0mk8s.io/client-go@v0.35.4/tools/cache/reflector.go:289 [36mtype=[0m*v1beta1.NamespacedValidatingPolicy [36mv=[0m2
[90m2026-08-05T20:24:59Z[0m [34mTRC[0m [1mk8s.io/client-go@v0.35.4/tools/cache/reflector.go:446[0m[36m >[0m Caches populated [36mlogger=[0mklog [36mreflector=[0mk8s.io/client-go@v0.35.4/tools/cache/reflector.go:289 [36mtype=[0m*v1beta1.NamespacedImageValidatingPolicy [36mv=[0m2
[90m2026-08-05T20:24:59Z[0m [34mTRC[0m [1mk8s.io/client-go@v0.35.4/tools/cache/reflector.go:446[0m[36m >[0m Caches populated [36mlogger=[0mklog [36mreflector=[0mk8s.io/client-go@v0.35.4/tools/cache/reflector.go:289 [36mtype=[0m*v1.MutatingWebhookConfiguration [36mv=[0m2
[90m2026-08-05T20:24:59Z[0m [34mTRC[0m [1mk8s.io/client-go@v0.35.4/tools/cache/reflector.go:446[0m[36m >[0m Caches populated [36mlogger=[0mklog [36mreflector=[0mk8s.io/client-go@v0.35.4/tools/cache/reflector.go:289 [36mtype=[0m*v1beta1.ValidatingPolicy [36mv=[0m2
[90m2026-08-05T20:24:59Z[0m [34mTRC[0m [1mk8s.io/client-go@v0.35.4/tools/cache/reflector.go:446[0m[36m >[0m Caches populated [36mlogger=[0mklog [36mreflector=[0mk8s.io/client-go@v0.35.4/tools/cache/reflector.go:289 [36mtype=[0m*v1.ValidatingAdmissionPolicyBinding [36mv=[0m2
[90m2026-08-05T20:24:59Z[0m [34mTRC[0m [1mk8s.io/client-go@v0.35.4/tools/cache/reflector.go:446[0m[36m >[0m Caches populated [36mlogger=[0mklog [36mreflector=[0mk8s.io/client-go@v0.35.4/tools/cache/reflector.go:289 [36mtype=[0m*v1.ValidatingWebhookConfiguration [36mv=[0m2
[90m2026-08-05T20:24:59Z[0m [34mTRC[0m [1mk8s.io/client-go@v0.35.4/tools/cache/reflector.go:446[0m[36m >[0m Caches populated [36mlogger=[0mklog [36mreflector=[0mk8s.io/client-go@v0.35.4/tools/cache/reflector.go:289 [36mtype=[0m*v1beta1.ImageValidatingPolicy [36mv=[0m2
[90m2026-08-05T20:24:59Z[0m [34mTRC[0m [1mk8s.io/client-go@v0.35.4/tools/cache/reflector.go:446[0m[36m >[0m Caches populated [36mlogger=[0mklog [36mreflector=[0mk8s.io/client-go@v0.35.4/tools/cache/reflector.go:289 [36mtype=[0m*v1beta1.NamespacedMutatingPolicy [36mv=[0m2
[90m2026-08-05T20:24:59Z[0m [34mTRC[0m [1mk8s.io/client-go@v0.35.4/tools/cache/reflector.go:446[0m[36m >[0m Caches populated [36mlogger=[0mklog [36mreflector=[0mk8s.io/client-go@v0.35.4/tools/cache/reflector.go:289 [36mtype=[0m*v2.PolicyException [36mv=[0m2
[90m2026-08-05T20:24:59Z[0m [34mTRC[0m [1mk8s.io/client-go@v0.35.4/tools/cache/reflector.go:446[0m[36m >[0m Caches populated [36mlogger=[0mklog [36mreflector=[0mk8s.io/client-go@v0.35.4/tools/cache/reflector.go:289 [36mtype=[0m*v1beta1.MutatingPolicy [36mv=[0m2
[90m2026-08-05T20:24:59Z[0m [34mTRC[0m [1mk8s.io/client-go@v0.35.4/tools/cache/reflector.go:446[0m[36m >[0m Caches populated [36mlogger=[0mklog [36mreflector=[0mk8s.io/client-go@v0.35.4/tools/cache/reflector.go:289 [36mtype=[0m*v1.ClusterRole [36mv=[0m2
[90m2026-08-05T20:24:59Z[0m [34mTRC[0m [1mgithub.com/kyverno/kyverno/cmd/internal/controller.go:32[0m[36m >[0m starting controller [36mlogger=[0msetup/leader/controllers [36mname=[0mwebhook-controller [36mv=[0m2 [36mworkers=[0m2
[90m2026-08-05T20:24:59Z[0m [34mTRC[0m [1mgithub.com/kyverno/kyverno/cmd/internal/controller.go:32[0m[36m >[0m starting controller [36mlogger=[0msetup/leader/controllers [36mname=[0mcelexception-webhook-controller [36mv=[0m2 [36mworkers=[0m1
[90m2026-08-05T20:24:59Z[0m [34mTRC[0m [1mgithub.com/kyverno/kyverno/cmd/internal/controller.go:32[0m[36m >[0m starting controller [36mlogger=[0msetup/leader/controllers [36mname=[0mglobal-context-webhook-controller [36mv=[0m2 [36mworkers=[0m1
[90m2026-08-05T20:24:59Z[0m [34mTRC[0m [1mgithub.com/kyverno/kyverno/cmd/internal/controller.go:32[0m[36m >[0m starting controller [36mlogger=[0msetup/leader/controllers [36mname=[0mexception-webhook-controller [36mv=[0m2 [36mworkers=[0m1
[90m2026-08-05T20:24:59Z[0m [34mTRC[0m [1mgithub.com/kyverno/kyverno/cmd/internal/controller.go:32[0m[36m >[0m starting controller [36mlogger=[0msetup/leader/controllers [36mname=[0mstatus-controller [36mv=[0m2 [36mworkers=[0m3
[90m2026-08-05T20:24:59Z[0m [34mTRC[0m [1mgithub.com/kyverno/kyverno/cmd/internal/controller.go:32[0m[36m >[0m starting controller [36mlogger=[0msetup/leader/controllers [36mname=[0madmissionpolicy-generator [36mv=[0m2 [36mworkers=[0m2
[90m2026-08-05T20:24:59Z[0m [34mTRC[0m [1mgithub.com/kyverno/kyverno/pkg/utils/controller/run.go:20[0m[36m >[0m starting ... [36mlogger=[0madmissionpolicy-generator [36mv=[0m2
[90m2026-08-05T20:24:59Z[0m [34mTRC[0m [1mgithub.com/kyverno/kyverno/cmd/internal/controller.go:32[0m[36m >[0m starting controller [36mlogger=[0msetup/leader/controllers [36mname=[0mcertmanager-controller [36mv=[0m2 [36mworkers=[0m1
[90m2026-08-05T20:25:01Z[0m [32mINF[0m [1mgithub.com/kyverno/kyverno/pkg/logging/log.go:180[0m[36m >[0m [1m2026/08/05 20:25:01 http: TLS handshake error from 10.42.0.1:57692: secret "kyverno-svc.kyverno.svc.kyverno-tls-pair" not found[0m [36mlogger=[0mwebhooks/server [36mv=[0m0
[90m2026-08-05T20:30:36Z[0m [34mTRC[0m [1mgithub.com/kyverno/kyverno/pkg/controllers/generic/logging/controller.go:45[0m[36m >[0m resource added [36mlogger=[0msetup/cluster-policy [36mname=[0mverify-ghcr-image-signature [36mtype=[0mClusterPolicy [36mv=[0m2
[90m2026-08-05T20:30:36Z[0m [34mTRC[0m [1mgithub.com/kyverno/kyverno/pkg/controllers/admissionpolicygenerator/cpol.go:12[0m[36m >[0m policy created [36mkind=[0mClusterPolicy [36mlogger=[0madmissionpolicy-generator [36mname=[0mverify-ghcr-image-signature [36muid=[0m6cfebcfc-4a33-4539-9b8e-709c799cdc48 [36mv=[0m2
[90m2026-08-05T20:31:12Z[0m [34mTRC[0m [1mgithub.com/kyverno/kyverno/pkg/controllers/admissionpolicygenerator/cpol.go:12[0m[36m >[0m policy created [36mkind=[0mClusterPolicy [36mlogger=[0madmissionpolicy-generator [36mname=[0mverify-ghcr-sbom-attestation [36muid=[0md442e24b-297d-49ef-9b12-15f84ddb95e2 [36mv=[0m2
[90m2026-08-05T20:31:12Z[0m [34mTRC[0m [1mgithub.com/kyverno/kyverno/pkg/controllers/generic/logging/controller.go:45[0m[36m >[0m resource added [36mlogger=[0msetup/cluster-policy [36mname=[0mverify-ghcr-sbom-attestation [36mtype=[0mClusterPolicy [36mv=[0m2
[90m2026-08-05T22:50:15Z[0m [34mTRC[0m [1mgithub.com/kyverno/kyverno/pkg/controllers/admissionpolicygenerator/cpol.go:20[0m[36m >[0m policy updated [36mkind=[0mClusterPolicy [36mlogger=[0madmissionpolicy-generator [36mname=[0mverify-ghcr-image-signature [36muid=[0m6cfebcfc-4a33-4539-9b8e-709c799cdc48 [36mv=[0m2
[90m2026-08-05T22:50:15Z[0m [34mTRC[0m [1mgithub.com/kyverno/kyverno/pkg/controllers/generic/logging/controller.go:59[0m[36m >[0m resource updated [36mlogger=[0msetup/cluster-policy [36mname=[0mverify-ghcr-image-signature [36mtype=[0mClusterPolicy [36mv=[0m2
[90m2026-08-05T22:50:30Z[0m [34mTRC[0m [1mgithub.com/kyverno/kyverno/pkg/controllers/admissionpolicygenerator/cpol.go:20[0m[36m >[0m policy updated [36mkind=[0mClusterPolicy [36mlogger=[0madmissionpolicy-generator [36mname=[0mverify-ghcr-sbom-attestation [36muid=[0md442e24b-297d-49ef-9b12-15f84ddb95e2 [36mv=[0m2
[90m2026-08-05T22:50:30Z[0m [34mTRC[0m [1mgithub.com/kyverno/kyverno/pkg/controllers/generic/logging/controller.go:59[0m[36m >[0m resource updated [36mlogger=[0msetup/cluster-policy [36mname=[0mverify-ghcr-sbom-attestation [36mtype=[0mClusterPolicy [36mv=[0m2
[90m2026-08-05T22:51:51Z[0m [31mERR[0m [1mgithub.com/kyverno/kyverno/pkg/webhooks/policy/handlers.go:90[0m[36m >[0m [1mpolicy validation errors[0m [36merror=[0m[31m[1m"spec.rules[0].verifyImages[0].mutateDigest: Invalid value: true: mutateDigest must be set to false for ‘Audit’ failure action"[0m[0m [36mgvk=[0m"kyverno.io/v1, Kind=ClusterPolicy" [36mgvr=[0m"kyverno.io/v1, Resource=clusterpolicies" [36mlogger=[0mwebhooks/policy/validate [36mname=[0mverify-ghcr-image-signature [36mnamespace=[0m [36moperation=[0mUPDATE [36muid=[0m5bc79fa1-3b82-4a20-9828-1faa6e240c6c [36muser=[0m{"extra":{"authentication.kubernetes.io/credential-id":["X509SHA256=eedcc62ce3670f498397abbc148100c0cf866c3afb821f075a2403398a7b889f"]},"groups":["system:masters","system:authenticated"],"username":"system:admin"}
[90m2026-08-05T22:53:15Z[0m [31mERR[0m [1mgithub.com/kyverno/kyverno/pkg/webhooks/policy/handlers.go:90[0m[36m >[0m [1mpolicy validation errors[0m [36merror=[0m[31m[1m"spec.rules[0].verifyImages[0].mutateDigest: Invalid value: true: mutateDigest must be set to false for ‘Audit’ failure action"[0m[0m [36mgvk=[0m"kyverno.io/v1, Kind=ClusterPolicy" [36mgvr=[0m"kyverno.io/v1, Resource=clusterpolicies" [36mlogger=[0mwebhooks/policy/validate [36mname=[0mverify-ghcr-image-signature [36mnamespace=[0m [36moperation=[0mUPDATE [36muid=[0m3b38d5d2-59a7-4680-b66d-8f57b5c2c730 [36muser=[0m{"extra":{"authentication.kubernetes.io/credential-id":["X509SHA256=eedcc62ce3670f498397abbc148100c0cf866c3afb821f075a2403398a7b889f"]},"groups":["system:masters","system:authenticated"],"username":"system:admin"}
[90m2026-08-05T22:53:39Z[0m [31mERR[0m [1mgithub.com/kyverno/kyverno/pkg/webhooks/policy/handlers.go:90[0m[36m >[0m [1mpolicy validation errors[0m [36merror=[0m[31m[1m"spec.rules[0].verifyImages[0].mutateDigest: Invalid value: true: mutateDigest must be set to false for ‘Audit’ failure action"[0m[0m [36mgvk=[0m"kyverno.io/v1, Kind=ClusterPolicy" [36mgvr=[0m"kyverno.io/v1, Resource=clusterpolicies" [36mlogger=[0mwebhooks/policy/validate [36mname=[0mverify-ghcr-image-signature [36mnamespace=[0m [36moperation=[0mUPDATE [36muid=[0m0f7fbaba-8801-4180-82a8-129c49c6408d [36muser=[0m{"extra":{"authentication.kubernetes.io/credential-id":["X509SHA256=eedcc62ce3670f498397abbc148100c0cf866c3afb821f075a2403398a7b889f"]},"groups":["system:masters","system:authenticated"],"username":"system:admin"}
[90m2026-08-05T22:53:44Z[0m [34mTRC[0m [1mgithub.com/kyverno/kyverno/pkg/controllers/generic/logging/controller.go:59[0m[36m >[0m resource updated [36mlogger=[0msetup/cluster-policy [36mname=[0mverify-ghcr-sbom-attestation [36mtype=[0mClusterPolicy [36mv=[0m2
[90m2026-08-05T22:53:44Z[0m [34mTRC[0m [1mgithub.com/kyverno/kyverno/pkg/controllers/admissionpolicygenerator/cpol.go:20[0m[36m >[0m policy updated [36mkind=[0mClusterPolicy [36mlogger=[0madmissionpolicy-generator [36mname=[0mverify-ghcr-sbom-attestation [36muid=[0md442e24b-297d-49ef-9b12-15f84ddb95e2 [36mv=[0m2
[90m2026-08-05T22:53:58Z[0m [34mTRC[0m [1mgithub.com/kyverno/kyverno/pkg/controllers/generic/logging/controller.go:59[0m[36m >[0m resource updated [36mlogger=[0msetup/cluster-policy [36mname=[0mverify-ghcr-image-signature [36mtype=[0mClusterPolicy [36mv=[0m2
[90m2026-08-05T22:53:58Z[0m [34mTRC[0m [1mgithub.com/kyverno/kyverno/pkg/controllers/admissionpolicygenerator/cpol.go:20[0m[36m >[0m policy updated [36mkind=[0mClusterPolicy [36mlogger=[0madmissionpolicy-generator [36mname=[0mverify-ghcr-image-signature [36muid=[0m6cfebcfc-4a33-4539-9b8e-709c799cdc48 [36mv=[0m2
[90m2026-08-05T22:54:02Z[0m [34mTRC[0m [1mgithub.com/kyverno/kyverno/pkg/controllers/generic/logging/controller.go:59[0m[36m >[0m resource updated [36mlogger=[0msetup/cluster-policy [36mname=[0mverify-ghcr-image-signature [36mtype=[0mClusterPolicy [36mv=[0m2
[90m2026-08-05T22:54:02Z[0m [34mTRC[0m [1mgithub.com/kyverno/kyverno/pkg/controllers/admissionpolicygenerator/cpol.go:20[0m[36m >[0m policy updated [36mkind=[0mClusterPolicy [36mlogger=[0madmissionpolicy-generator [36mname=[0mverify-ghcr-image-signature [36muid=[0m6cfebcfc-4a33-4539-9b8e-709c799cdc48 [36mv=[0m2
[90m2026-08-05T22:54:45Z[0m [34mTRC[0m [1mgithub.com/kyverno/kyverno/pkg/controllers/admissionpolicygenerator/cpol.go:12[0m[36m >[0m policy created [36mkind=[0mClusterPolicy [36mlogger=[0madmissionpolicy-generator [36mname=[0mverify-image-signature [36muid=[0mdeaa7102-173b-4075-923e-1a1e81ae12e8 [36mv=[0m2
[90m2026-08-05T22:54:45Z[0m [34mTRC[0m [1mgithub.com/kyverno/kyverno/pkg/controllers/generic/logging/controller.go:45[0m[36m >[0m resource added [36mlogger=[0msetup/cluster-policy [36mname=[0mverify-image-signature [36mtype=[0mClusterPolicy [36mv=[0m2
[90m2026-08-05T22:54:46Z[0m [34mTRC[0m [1mgithub.com/kyverno/kyverno/pkg/controllers/admissionpolicygenerator/cpol.go:12[0m[36m >[0m policy created [36mkind=[0mClusterPolicy [36mlogger=[0madmissionpolicy-generator [36mname=[0mverify-sbom-attestation [36muid=[0md6d91b49-3e09-478c-91f1-9a141d193001 [36mv=[0m2
[90m2026-08-05T22:54:46Z[0m [34mTRC[0m [1mgithub.com/kyverno/kyverno/pkg/controllers/generic/logging/controller.go:45[0m[36m >[0m resource added [36mlogger=[0msetup/cluster-policy [36mname=[0mverify-sbom-attestation [36mtype=[0mClusterPolicy [36mv=[0m2
[90m2026-08-05T22:54:59Z[0m [34mTRC[0m [1mgithub.com/kyverno/kyverno/pkg/controllers/generic/logging/controller.go:59[0m[36m >[0m resource updated [36mlogger=[0msetup/cluster-policy [36mname=[0mverify-image-signature [36mtype=[0mClusterPolicy [36mv=[0m2
[90m2026-08-05T22:54:59Z[0m [34mTRC[0m [1mgithub.com/kyverno/kyverno/pkg/controllers/admissionpolicygenerator/cpol.go:20[0m[36m >[0m policy updated [36mkind=[0mClusterPolicy [36mlogger=[0madmissionpolicy-generator [36mname=[0mverify-image-signature [36muid=[0mdeaa7102-173b-4075-923e-1a1e81ae12e8 [36mv=[0m2
[90m2026-08-05T22:54:59Z[0m [34mTRC[0m [1mgithub.com/kyverno/kyverno/pkg/controllers/generic/logging/controller.go:59[0m[36m >[0m resource updated [36mlogger=[0msetup/cluster-policy [36mname=[0mverify-sbom-attestation [36mtype=[0mClusterPolicy [36mv=[0m2
[90m2026-08-05T22:54:59Z[0m [34mTRC[0m [1mgithub.com/kyverno/kyverno/pkg/controllers/admissionpolicygenerator/cpol.go:20[0m[36m >[0m policy updated [36mkind=[0mClusterPolicy [36mlogger=[0madmissionpolicy-generator [36mname=[0mverify-sbom-attestation [36muid=[0md6d91b49-3e09-478c-91f1-9a141d193001 [36mv=[0m2
[90m2026-08-05T22:55:09Z[0m [34mTRC[0m [1mgithub.com/kyverno/kyverno/pkg/engine/internal/imageverifier.go:99[0m[36m >[0m cache entry not found [36mimageRef=[0mghcr.io/sigstore/cosign:latest [36mlogger=[0mengine.verify [36mnamespace=[0m [36mnew.kind=[0mPod [36mnew.name=[0mno-sbom-test [36mnew.namespace=[0mdefault [36mpolicy=[0mverify-image-signature [36mpolicy.apply=[0mAll [36mpolicy.name=[0mverify-image-signature [36mpolicy.namespace=[0m [36mrule.name=[0mcheck-image-signature [36mruleName=[0mcheck-image-signature [36mv=[0m2
[90m2026-08-05T22:55:09Z[0m [34mTRC[0m [1mgithub.com/kyverno/kyverno/pkg/engine/internal/imageverifier.go:154[0m[36m >[0m verifying image signatures [36mattestations=[0m0 [36mattestors=[0m1 [36mimage=[0mghcr.io/sigstore/cosign:latest [36mlogger=[0mengine.verify [36mnew.kind=[0mPod [36mnew.name=[0mno-sbom-test [36mnew.namespace=[0mdefault [36mpolicy.apply=[0mAll [36mpolicy.name=[0mverify-image-signature [36mpolicy.namespace=[0m [36mrule.name=[0mcheck-image-signature [36mv=[0m2
[90m2026-08-05T22:55:10Z[0m [32mINF[0m [1mgithub.com/kyverno/kyverno/pkg/image/verifiers/cpol/cosign/verifier.go:63[0m[36m >[0m [1mimage verification failed[0m [36merror=[0m[31m[1m"GET https://ghcr.io/token?scope=repository%3Asigstore%2Fcosign%3Apull&service=ghcr.io: DENIED: requested access to the resource is denied"[0m[0m [36mlogger=[0mcosign [36mv=[0m0
[90m2026-08-05T22:55:10Z[0m [32mINF[0m [1mgithub.com/kyverno/kyverno/pkg/engine/internal/imageverifier.go:374[0m[36m >[0m [1mimage attestors verification failed[0m [36merrors=[0m".attestors[0].entries[0].keyless: GET https://ghcr.io/token?scope=repository%3Asigstore%2Fcosign%3Apull&service=ghcr.io: DENIED: requested access to the resource is denied" [36mimage=[0mghcr.io/sigstore/cosign:latest [36mlogger=[0mengine.verify [36mnew.kind=[0mPod [36mnew.name=[0mno-sbom-test [36mnew.namespace=[0mdefault [36mpolicy.apply=[0mAll [36mpolicy.name=[0mverify-image-signature [36mpolicy.namespace=[0m [36mrequiredCount=[0m1 [36mrule.name=[0mcheck-image-signature [36mv=[0m0 [36mverifiedCount=[0m0
[90m2026-08-05T22:55:10Z[0m [31mERR[0m [1mgithub.com/kyverno/kyverno/pkg/engine/internal/imageverifier.go:198[0m[36m >[0m [1mfailed to verify image[0m [36merror=[0m[31m[1m".attestors[0].entries[0].keyless: GET https://ghcr.io/token?scope=repository%3Asigstore%2Fcosign%3Apull&service=ghcr.io: DENIED: requested access to the resource is denied"[0m[0m [36mimage=[0mghcr.io/sigstore/cosign:latest [36mlogger=[0mengine.verify [36mnew.kind=[0mPod [36mnew.name=[0mno-sbom-test [36mnew.namespace=[0mdefault [36mpolicy.apply=[0mAll [36mpolicy.name=[0mverify-image-signature [36mpolicy.namespace=[0m [36mrule.name=[0mcheck-image-signature
[90m2026-08-05T22:55:10Z[0m [34mTRC[0m [1mgithub.com/kyverno/kyverno/pkg/engine/internal/imageverifier.go:99[0m[36m >[0m cache entry not found [36mimageRef=[0mghcr.io/sigstore/cosign:latest [36mlogger=[0mengine.verify [36mnamespace=[0m [36mnew.kind=[0mPod [36mnew.name=[0mno-sbom-test [36mnew.namespace=[0mdefault [36mpolicy=[0mverify-sbom-attestation [36mpolicy.apply=[0mAll [36mpolicy.name=[0mverify-sbom-attestation [36mpolicy.namespace=[0m [36mrule.name=[0mcheck-sbom-attestation [36mruleName=[0mcheck-sbom-attestation [36mv=[0m2
[90m2026-08-05T22:55:10Z[0m [34mTRC[0m [1mgithub.com/kyverno/kyverno/pkg/engine/internal/imageverifier.go:154[0m[36m >[0m verifying image signatures [36mattestations=[0m1 [36mattestors=[0m0 [36mimage=[0mghcr.io/sigstore/cosign:latest [36mlogger=[0mengine.verify [36mnew.kind=[0mPod [36mnew.name=[0mno-sbom-test [36mnew.namespace=[0mdefault [36mpolicy.apply=[0mAll [36mpolicy.name=[0mverify-sbom-attestation [36mpolicy.namespace=[0m [36mrule.name=[0mcheck-sbom-attestation [36mv=[0m2
[90m2026-08-05T22:55:10Z[0m [34mTRC[0m [1mgithub.com/kyverno/kyverno/pkg/engine/internal/imageverifier.go:230[0m[36m >[0m attestation {Name: PredicateType:https://cyclonedx.org/bom Type: Attestors:[{Count:0x3c3d28228810 Entries:[{Keys:<nil> Certificates:<nil> Keyless:0x3c3d283b8380 Attestor:nil Annotations:map[] Repository: SignatureAlgorithm:sha256}]}] Conditions:[]} [36mlogger=[0mengine.verify [36mnew.kind=[0mPod [36mnew.name=[0mno-sbom-test [36mnew.namespace=[0mdefault [36mpolicy.apply=[0mAll [36mpolicy.name=[0mverify-sbom-attestation [36mpolicy.namespace=[0m [36mrule.name=[0mcheck-sbom-attestation [36mv=[0m2
[90m2026-08-05T22:55:10Z[0m [32mINF[0m [1mgithub.com/kyverno/kyverno/pkg/image/verifiers/cpol/cosign/verifier.go:130[0m[36m >[0m [1mfailed to fetch attestations[0m [36merror=[0m[31m[1m"GET https://ghcr.io/token?scope=repository%3Asigstore%2Fcosign%3Apull&service=ghcr.io: DENIED: requested access to the resource is denied"[0m[0m [36mlogger=[0mcosign [36mv=[0m0
[90m2026-08-05T22:55:10Z[0m [31mERR[0m [1mgithub.com/kyverno/kyverno/pkg/engine/internal/imageverifier.go:255[0m[36m >[0m [1mfailed to fetch attestations[0m [36merror=[0m[31m[1m"GET https://ghcr.io/token?scope=repository%3Asigstore%2Fcosign%3Apull&service=ghcr.io: DENIED: requested access to the resource is denied"[0m[0m [36mimage=[0mghcr.io/sigstore/cosign:latest [36mlogger=[0mengine.verify [36mnew.kind=[0mPod [36mnew.name=[0mno-sbom-test [36mnew.namespace=[0mdefault [36mpolicy.apply=[0mAll [36mpolicy.name=[0mverify-sbom-attestation [36mpolicy.namespace=[0m [36mrule.name=[0mcheck-sbom-attestation
[90m2026-08-05T22:55:10Z[0m [34mTRC[0m [1mgithub.com/kyverno/kyverno/pkg/engine/internal/imageverifier.go:99[0m[36m >[0m cache entry not found [36mimageRef=[0mghcr.io/sigstore/cosign:latest [36mlogger=[0mengine.verify [36mnamespace=[0m [36mnew.kind=[0mPod [36mnew.name=[0mno-sbom-test [36mnew.namespace=[0mdefault [36mpolicy=[0mverify-ghcr-image-signature [36mpolicy.apply=[0mAll [36mpolicy.name=[0mverify-ghcr-image-signature [36mpolicy.namespace=[0m [36mrule.name=[0mcheck-image-signature [36mruleName=[0mcheck-image-signature [36mv=[0m2
[90m2026-08-05T22:55:10Z[0m [34mTRC[0m [1mgithub.com/kyverno/kyverno/pkg/engine/internal/imageverifier.go:154[0m[36m >[0m verifying image signatures [36mattestations=[0m0 [36mattestors=[0m1 [36mimage=[0mghcr.io/sigstore/cosign:latest [36mlogger=[0mengine.verify [36mnew.kind=[0mPod [36mnew.name=[0mno-sbom-test [36mnew.namespace=[0mdefault [36mpolicy.apply=[0mAll [36mpolicy.name=[0mverify-ghcr-image-signature [36mpolicy.namespace=[0m [36mrule.name=[0mcheck-image-signature [36mv=[0m2
[90m2026-08-05T22:55:10Z[0m [32mINF[0m [1mgithub.com/kyverno/kyverno/pkg/image/verifiers/cpol/cosign/verifier.go:63[0m[36m >[0m [1mimage verification failed[0m [36merror=[0m[31m[1m"GET https://ghcr.io/token?scope=repository%3Asigstore%2Fcosign%3Apull&service=ghcr.io: DENIED: requested access to the resource is denied"[0m[0m [36mlogger=[0mcosign [36mv=[0m0
[90m2026-08-05T22:55:10Z[0m [32mINF[0m [1mgithub.com/kyverno/kyverno/pkg/engine/internal/imageverifier.go:374[0m[36m >[0m [1mimage attestors verification failed[0m [36merrors=[0m".attestors[0].entries[0].keyless: GET https://ghcr.io/token?scope=repository%3Asigstore%2Fcosign%3Apull&service=ghcr.io: DENIED: requested access to the resource is denied" [36mimage=[0mghcr.io/sigstore/cosign:latest [36mlogger=[0mengine.verify [36mnew.kind=[0mPod [36mnew.name=[0mno-sbom-test [36mnew.namespace=[0mdefault [36mpolicy.apply=[0mAll [36mpolicy.name=[0mverify-ghcr-image-signature [36mpolicy.namespace=[0m [36mrequiredCount=[0m1 [36mrule.name=[0mcheck-image-signature [36mv=[0m0 [36mverifiedCount=[0m0
[90m2026-08-05T22:55:10Z[0m [31mERR[0m [1mgithub.com/kyverno/kyverno/pkg/engine/internal/imageverifier.go:198[0m[36m >[0m [1mfailed to verify image[0m [36merror=[0m[31m[1m".attestors[0].entries[0].keyless: GET https://ghcr.io/token?scope=repository%3Asigstore%2Fcosign%3Apull&service=ghcr.io: DENIED: requested access to the resource is denied"[0m[0m [36mimage=[0mghcr.io/sigstore/cosign:latest [36mlogger=[0mengine.verify [36mnew.kind=[0mPod [36mnew.name=[0mno-sbom-test [36mnew.namespace=[0mdefault [36mpolicy.apply=[0mAll [36mpolicy.name=[0mverify-ghcr-image-signature [36mpolicy.namespace=[0m [36mrule.name=[0mcheck-image-signature
[90m2026-08-05T22:55:10Z[0m [34mTRC[0m [1mgithub.com/kyverno/kyverno/pkg/engine/internal/imageverifier.go:99[0m[36m >[0m cache entry not found [36mimageRef=[0mghcr.io/sigstore/cosign:latest [36mlogger=[0mengine.verify [36mnamespace=[0m [36mnew.kind=[0mPod [36mnew.name=[0mno-sbom-test [36mnew.namespace=[0mdefault [36mpolicy=[0mverify-ghcr-sbom-attestation [36mpolicy.apply=[0mAll [36mpolicy.name=[0mverify-ghcr-sbom-attestation [36mpolicy.namespace=[0m [36mrule.name=[0mcheck-sbom-attestation [36mruleName=[0mcheck-sbom-attestation [36mv=[0m2
[90m2026-08-05T22:55:10Z[0m [34mTRC[0m [1mgithub.com/kyverno/kyverno/pkg/engine/internal/imageverifier.go:154[0m[36m >[0m verifying image signatures [36mattestations=[0m1 [36mattestors=[0m0 [36mimage=[0mghcr.io/sigstore/cosign:latest [36mlogger=[0mengine.verify [36mnew.kind=[0mPod [36mnew.name=[0mno-sbom-test [36mnew.namespace=[0mdefault [36mpolicy.apply=[0mAll [36mpolicy.name=[0mverify-ghcr-sbom-attestation [36mpolicy.namespace=[0m [36mrule.name=[0mcheck-sbom-attestation [36mv=[0m2
[90m2026-08-05T22:55:10Z[0m [34mTRC[0m [1mgithub.com/kyverno/kyverno/pkg/engine/internal/imageverifier.go:230[0m[36m >[0m attestation {Name: PredicateType:https://cyclonedx.org/bom Type: Attestors:[{Count:0x3c3d28b923b0 Entries:[{Keys:<nil> Certificates:<nil> Keyless:0x3c3d283b9c70 Attestor:nil Annotations:map[] Repository: SignatureAlgorithm:sha256}]}] Conditions:[]} [36mlogger=[0mengine.verify [36mnew.kind=[0mPod [36mnew.name=[0mno-sbom-test [36mnew.namespace=[0mdefault [36mpolicy.apply=[0mAll [36mpolicy.name=[0mverify-ghcr-sbom-attestation [36mpolicy.namespace=[0m [36mrule.name=[0mcheck-sbom-attestation [36mv=[0m2
[90m2026-08-05T22:55:10Z[0m [32mINF[0m [1mgithub.com/kyverno/kyverno/pkg/image/verifiers/cpol/cosign/verifier.go:130[0m[36m >[0m [1mfailed to fetch attestations[0m [36merror=[0m[31m[1m"GET https://ghcr.io/token?scope=repository%3Asigstore%2Fcosign%3Apull&service=ghcr.io: DENIED: requested access to the resource is denied"[0m[0m [36mlogger=[0mcosign [36mv=[0m0
[90m2026-08-05T22:55:10Z[0m [31mERR[0m [1mgithub.com/kyverno/kyverno/pkg/engine/internal/imageverifier.go:255[0m[36m >[0m [1mfailed to fetch attestations[0m [36merror=[0m[31m[1m"GET https://ghcr.io/token?scope=repository%3Asigstore%2Fcosign%3Apull&service=ghcr.io: DENIED: requested access to the resource is denied"[0m[0m [36mimage=[0mghcr.io/sigstore/cosign:latest [36mlogger=[0mengine.verify [36mnew.kind=[0mPod [36mnew.name=[0mno-sbom-test [36mnew.namespace=[0mdefault [36mpolicy.apply=[0mAll [36mpolicy.name=[0mverify-ghcr-sbom-attestation [36mpolicy.namespace=[0m [36mrule.name=[0mcheck-sbom-attestation
[90m2026-08-05T22:55:10Z[0m [34mTRC[0m [1mgithub.com/kyverno/kyverno/pkg/webhooks/utils/block.go:29[0m[36m >[0m blocking admission request [36mURLParams=[0m [36mclusterroles=[0m["cluster-admin","system:basic-user","system:discovery","system:public-info-viewer"] [36mgvk=[0m"/v1, Kind=Pod" [36mgvr=[0m"/v1, Resource=pods" [36mkind=[0mPod [36mlogger=[0mwebhooks/resource/mutate [36mname=[0mno-sbom-test [36mnamespace=[0mdefault [36moperation=[0mCREATE [36mpolicy=[0mverify-ghcr-sbom-attestation [36mresource.gvk=[0m"/v1, Kind=Pod" [36mroles=[0m[] [36muid=[0md9c49fbb-c63f-49a1-afd0-57dc91c5f6b4 [36muser=[0m{"extra":{"authentication.kubernetes.io/credential-id":["X509SHA256=eedcc62ce3670f498397abbc148100c0cf866c3afb821f075a2403398a7b889f"]},"groups":["system:masters","system:authenticated"],"username":"system:admin"} [36mv=[0m2
[90m2026-08-05T22:55:10Z[0m [31mERR[0m [1mgithub.com/kyverno/kyverno/pkg/webhooks/resource/handlers.go:227[0m[36m >[0m [1mimage verification failed[0m [36merror=[0m[31m[1m"\n\nresource Pod/default/no-sbom-test was blocked due to the following policies \n\nverify-ghcr-image-signature:\n  check-image-signature: 'failed to verify image ghcr.io/sigstore/cosign:latest: .attestors[0].entries[0].keyless:\n    GET https://ghcr.io/token?scope=repository%3Asigstore%2Fcosign%3Apull&service=ghcr.io:\n    DENIED: requested access to the resource is denied'\nverify-ghcr-sbom-attestation:\n  check-sbom-attestation: 'image attestations verification failed, verifiedCount:\n    0, requiredCount: 1, error: GET https://ghcr.io/token?scope=repository%3Asigstore%2Fcosign%3Apull&service=ghcr.io:\n    DENIED: requested access to the resource is denied'\nverify-image-signature:\n  check-image-signature: 'failed to verify image ghcr.io/sigstore/cosign:latest: .attestors[0].entries[0].keyless:\n    GET https://ghcr.io/token?scope=repository%3Asigstore%2Fcosign%3Apull&service=ghcr.io:\n    DENIED: requested access to the resource is denied'\nverify-sbom-attestation:\n  check-sbom-attestation: 'image attestations verification failed, verifiedCount:\n    0, requiredCount: 1, error: GET https://ghcr.io/token?scope=repository%3Asigstore%2Fcosign%3Apull&service=ghcr.io:\n    DENIED: requested access to the resource is denied'\n"[0m[0m [36mURLParams=[0m [36mclusterroles=[0m["cluster-admin","system:basic-user","system:discovery","system:public-info-viewer"] [36mgvk=[0m"/v1, Kind=Pod" [36mgvr=[0m"/v1, Resource=pods" [36mkind=[0mPod [36mlogger=[0mwebhooks/resource/mutate [36mname=[0mno-sbom-test [36mnamespace=[0mdefault [36moperation=[0mCREATE [36mresource.gvk=[0m"/v1, Kind=Pod" [36mroles=[0m[] [36muid=[0md9c49fbb-c63f-49a1-afd0-57dc91c5f6b4 [36muser=[0m{"extra":{"authentication.kubernetes.io/credential-id":["X509SHA256=eedcc62ce3670f498397abbc148100c0cf866c3afb821f075a2403398a7b889f"]},"groups":["system:masters","system:authenticated"],"username":"system:admin"}
[90m2026-08-05T22:55:30Z[0m [34mTRC[0m [1mgithub.com/kyverno/kyverno/pkg/engine/internal/imageverifier.go:99[0m[36m >[0m cache entry not found [36mimageRef=[0mdocker.io/nginx:latest [36mlogger=[0mengine.verify [36mnamespace=[0m [36mnew.kind=[0mPod [36mnew.name=[0munsigned-test [36mnew.namespace=[0mdefault [36mpolicy=[0mverify-ghcr-sbom-attestation [36mpolicy.apply=[0mAll [36mpolicy.name=[0mverify-ghcr-sbom-attestation [36mpolicy.namespace=[0m [36mrule.name=[0mcheck-sbom-attestation [36mruleName=[0mcheck-sbom-attestation [36mv=[0m2
[90m2026-08-05T22:55:30Z[0m [34mTRC[0m [1mgithub.com/kyverno/kyverno/pkg/engine/internal/imageverifier.go:154[0m[36m >[0m verifying image signatures [36mattestations=[0m1 [36mattestors=[0m0 [36mimage=[0mdocker.io/nginx:latest [36mlogger=[0mengine.verify [36mnew.kind=[0mPod [36mnew.name=[0munsigned-test [36mnew.namespace=[0mdefault [36mpolicy.apply=[0mAll [36mpolicy.name=[0mverify-ghcr-sbom-attestation [36mpolicy.namespace=[0m [36mrule.name=[0mcheck-sbom-attestation [36mv=[0m2
[90m2026-08-05T22:55:30Z[0m [34mTRC[0m [1mgithub.com/kyverno/kyverno/pkg/engine/internal/imageverifier.go:230[0m[36m >[0m attestation {Name: PredicateType:https://cyclonedx.org/bom Type: Attestors:[{Count:0x3c3d286456a0 Entries:[{Keys:<nil> Certificates:<nil> Keyless:0x3c3d28c0c5b0 Attestor:nil Annotations:map[] Repository: SignatureAlgorithm:sha256}]}] Conditions:[]} [36mlogger=[0mengine.verify [36mnew.kind=[0mPod [36mnew.name=[0munsigned-test [36mnew.namespace=[0mdefault [36mpolicy.apply=[0mAll [36mpolicy.name=[0mverify-ghcr-sbom-attestation [36mpolicy.namespace=[0m [36mrule.name=[0mcheck-sbom-attestation [36mv=[0m2
[90m2026-08-05T22:55:31Z[0m [32mINF[0m [1mgithub.com/kyverno/kyverno/pkg/image/verifiers/cpol/cosign/verifier.go:130[0m[36m >[0m [1mfailed to fetch attestations[0m [36merror=[0m[31m[1m"no matching attestations: "[0m[0m [36mlogger=[0mcosign [36mv=[0m0
[90m2026-08-05T22:55:31Z[0m [31mERR[0m [1mgithub.com/kyverno/kyverno/pkg/engine/internal/imageverifier.go:255[0m[36m >[0m [1mfailed to fetch attestations[0m [36merror=[0m[31m[1m"no matching attestations: "[0m[0m [36mimage=[0mdocker.io/nginx:latest [36mlogger=[0mengine.verify [36mnew.kind=[0mPod [36mnew.name=[0munsigned-test [36mnew.namespace=[0mdefault [36mpolicy.apply=[0mAll [36mpolicy.name=[0mverify-ghcr-sbom-attestation [36mpolicy.namespace=[0m [36mrule.name=[0mcheck-sbom-attestation
[90m2026-08-05T22:55:31Z[0m [34mTRC[0m [1mgithub.com/kyverno/kyverno/pkg/engine/internal/imageverifier.go:99[0m[36m >[0m cache entry not found [36mimageRef=[0mdocker.io/nginx:latest [36mlogger=[0mengine.verify [36mnamespace=[0m [36mnew.kind=[0mPod [36mnew.name=[0munsigned-test [36mnew.namespace=[0mdefault [36mpolicy=[0mverify-image-signature [36mpolicy.apply=[0mAll [36mpolicy.name=[0mverify-image-signature [36mpolicy.namespace=[0m [36mrule.name=[0mcheck-image-signature [36mruleName=[0mcheck-image-signature [36mv=[0m2
[90m2026-08-05T22:55:31Z[0m [34mTRC[0m [1mgithub.com/kyverno/kyverno/pkg/engine/internal/imageverifier.go:154[0m[36m >[0m verifying image signatures [36mattestations=[0m0 [36mattestors=[0m1 [36mimage=[0mdocker.io/nginx:latest [36mlogger=[0mengine.verify [36mnew.kind=[0mPod [36mnew.name=[0munsigned-test [36mnew.namespace=[0mdefault [36mpolicy.apply=[0mAll [36mpolicy.name=[0mverify-image-signature [36mpolicy.namespace=[0m [36mrule.name=[0mcheck-image-signature [36mv=[0m2
[90m2026-08-05T22:55:32Z[0m [32mINF[0m [1mgithub.com/kyverno/kyverno/pkg/image/verifiers/cpol/cosign/verifier.go:63[0m[36m >[0m [1mimage verification failed[0m [36merror=[0m[31m[1m"no signatures found"[0m[0m [36mlogger=[0mcosign [36mv=[0m0
[90m2026-08-05T22:55:32Z[0m [32mINF[0m [1mgithub.com/kyverno/kyverno/pkg/engine/internal/imageverifier.go:374[0m[36m >[0m [1mimage attestors verification failed[0m [36merrors=[0m".attestors[0].entries[0].keyless: no signatures found" [36mimage=[0mdocker.io/nginx:latest [36mlogger=[0mengine.verify [36mnew.kind=[0mPod [36mnew.name=[0munsigned-test [36mnew.namespace=[0mdefault [36mpolicy.apply=[0mAll [36mpolicy.name=[0mverify-image-signature [36mpolicy.namespace=[0m [36mrequiredCount=[0m1 [36mrule.name=[0mcheck-image-signature [36mv=[0m0 [36mverifiedCount=[0m0
[90m2026-08-05T22:55:32Z[0m [31mERR[0m [1mgithub.com/kyverno/kyverno/pkg/engine/internal/imageverifier.go:198[0m[36m >[0m [1mfailed to verify image[0m [36merror=[0m[31m[1m".attestors[0].entries[0].keyless: no signatures found"[0m[0m [36mimage=[0mdocker.io/nginx:latest [36mlogger=[0mengine.verify [36mnew.kind=[0mPod [36mnew.name=[0munsigned-test [36mnew.namespace=[0mdefault [36mpolicy.apply=[0mAll [36mpolicy.name=[0mverify-image-signature [36mpolicy.namespace=[0m [36mrule.name=[0mcheck-image-signature
[90m2026-08-05T22:55:32Z[0m [34mTRC[0m [1mgithub.com/kyverno/kyverno/pkg/engine/internal/imageverifier.go:99[0m[36m >[0m cache entry not found [36mimageRef=[0mdocker.io/nginx:latest [36mlogger=[0mengine.verify [36mnamespace=[0m [36mnew.kind=[0mPod [36mnew.name=[0munsigned-test [36mnew.namespace=[0mdefault [36mpolicy=[0mverify-sbom-attestation [36mpolicy.apply=[0mAll [36mpolicy.name=[0mverify-sbom-attestation [36mpolicy.namespace=[0m [36mrule.name=[0mcheck-sbom-attestation [36mruleName=[0mcheck-sbom-attestation [36mv=[0m2
[90m2026-08-05T22:55:32Z[0m [34mTRC[0m [1mgithub.com/kyverno/kyverno/pkg/engine/internal/imageverifier.go:154[0m[36m >[0m verifying image signatures [36mattestations=[0m1 [36mattestors=[0m0 [36mimage=[0mdocker.io/nginx:latest [36mlogger=[0mengine.verify [36mnew.kind=[0mPod [36mnew.name=[0munsigned-test [36mnew.namespace=[0mdefault [36mpolicy.apply=[0mAll [36mpolicy.name=[0mverify-sbom-attestation [36mpolicy.namespace=[0m [36mrule.name=[0mcheck-sbom-attestation [36mv=[0m2
[90m2026-08-05T22:55:32Z[0m [34mTRC[0m [1mgithub.com/kyverno/kyverno/pkg/engine/internal/imageverifier.go:230[0m[36m >[0m attestation {Name: PredicateType:https://cyclonedx.org/bom Type: Attestors:[{Count:0x3c3d28b6ced0 Entries:[{Keys:<nil> Certificates:<nil> Keyless:0x3c3d262988c0 Attestor:nil Annotations:map[] Repository: SignatureAlgorithm:sha256}]}] Conditions:[]} [36mlogger=[0mengine.verify [36mnew.kind=[0mPod [36mnew.name=[0munsigned-test [36mnew.namespace=[0mdefault [36mpolicy.apply=[0mAll [36mpolicy.name=[0mverify-sbom-attestation [36mpolicy.namespace=[0m [36mrule.name=[0mcheck-sbom-attestation [36mv=[0m2
[90m2026-08-05T22:55:32Z[0m [32mINF[0m [1mgithub.com/kyverno/kyverno/pkg/image/verifiers/cpol/cosign/verifier.go:130[0m[36m >[0m [1mfailed to fetch attestations[0m [36merror=[0m[31m[1m"no matching attestations: "[0m[0m [36mlogger=[0mcosign [36mv=[0m0
[90m2026-08-05T22:55:32Z[0m [31mERR[0m [1mgithub.com/kyverno/kyverno/pkg/engine/internal/imageverifier.go:255[0m[36m >[0m [1mfailed to fetch attestations[0m [36merror=[0m[31m[1m"no matching attestations: "[0m[0m [36mimage=[0mdocker.io/nginx:latest [36mlogger=[0mengine.verify [36mnew.kind=[0mPod [36mnew.name=[0munsigned-test [36mnew.namespace=[0mdefault [36mpolicy.apply=[0mAll [36mpolicy.name=[0mverify-sbom-attestation [36mpolicy.namespace=[0m [36mrule.name=[0mcheck-sbom-attestation
[90m2026-08-05T22:55:32Z[0m [34mTRC[0m [1mgithub.com/kyverno/kyverno/pkg/engine/internal/imageverifier.go:99[0m[36m >[0m cache entry not found [36mimageRef=[0mdocker.io/nginx:latest [36mlogger=[0mengine.verify [36mnamespace=[0m [36mnew.kind=[0mPod [36mnew.name=[0munsigned-test [36mnew.namespace=[0mdefault [36mpolicy=[0mverify-ghcr-image-signature [36mpolicy.apply=[0mAll [36mpolicy.name=[0mverify-ghcr-image-signature [36mpolicy.namespace=[0m [36mrule.name=[0mcheck-image-signature [36mruleName=[0mcheck-image-signature [36mv=[0m2
[90m2026-08-05T22:55:32Z[0m [34mTRC[0m [1mgithub.com/kyverno/kyverno/pkg/engine/internal/imageverifier.go:154[0m[36m >[0m verifying image signatures [36mattestations=[0m0 [36mattestors=[0m1 [36mimage=[0mdocker.io/nginx:latest [36mlogger=[0mengine.verify [36mnew.kind=[0mPod [36mnew.name=[0munsigned-test [36mnew.namespace=[0mdefault [36mpolicy.apply=[0mAll [36mpolicy.name=[0mverify-ghcr-image-signature [36mpolicy.namespace=[0m [36mrule.name=[0mcheck-image-signature [36mv=[0m2
[90m2026-08-05T22:55:33Z[0m [32mINF[0m [1mgithub.com/kyverno/kyverno/pkg/image/verifiers/cpol/cosign/verifier.go:63[0m[36m >[0m [1mimage verification failed[0m [36merror=[0m[31m[1m"no signatures found"[0m[0m [36mlogger=[0mcosign [36mv=[0m0
[90m2026-08-05T22:55:33Z[0m [32mINF[0m [1mgithub.com/kyverno/kyverno/pkg/engine/internal/imageverifier.go:374[0m[36m >[0m [1mimage attestors verification failed[0m [36merrors=[0m".attestors[0].entries[0].keyless: no signatures found" [36mimage=[0mdocker.io/nginx:latest [36mlogger=[0mengine.verify [36mnew.kind=[0mPod [36mnew.name=[0munsigned-test [36mnew.namespace=[0mdefault [36mpolicy.apply=[0mAll [36mpolicy.name=[0mverify-ghcr-image-signature [36mpolicy.namespace=[0m [36mrequiredCount=[0m1 [36mrule.name=[0mcheck-image-signature [36mv=[0m0 [36mverifiedCount=[0m0
[90m2026-08-05T22:55:33Z[0m [31mERR[0m [1mgithub.com/kyverno/kyverno/pkg/engine/internal/imageverifier.go:198[0m[36m >[0m [1mfailed to verify image[0m [36merror=[0m[31m[1m".attestors[0].entries[0].keyless: no signatures found"[0m[0m [36mimage=[0mdocker.io/nginx:latest [36mlogger=[0mengine.verify [36mnew.kind=[0mPod [36mnew.name=[0munsigned-test [36mnew.namespace=[0mdefault [36mpolicy.apply=[0mAll [36mpolicy.name=[0mverify-ghcr-image-signature [36mpolicy.namespace=[0m [36mrule.name=[0mcheck-image-signature
[90m2026-08-05T22:55:33Z[0m [34mTRC[0m [1mgithub.com/kyverno/kyverno/pkg/webhooks/utils/block.go:29[0m[36m >[0m blocking admission request [36mURLParams=[0m [36mclusterroles=[0m["cluster-admin","system:basic-user","system:discovery","system:public-info-viewer"] [36mgvk=[0m"/v1, Kind=Pod" [36mgvr=[0m"/v1, Resource=pods" [36mkind=[0mPod [36mlogger=[0mwebhooks/resource/mutate [36mname=[0munsigned-test [36mnamespace=[0mdefault [36moperation=[0mCREATE [36mpolicy=[0mverify-ghcr-sbom-attestation [36mresource.gvk=[0m"/v1, Kind=Pod" [36mroles=[0m[] [36muid=[0mab5f5fac-8b21-48cc-a977-34271ffd76da [36muser=[0m{"extra":{"authentication.kubernetes.io/credential-id":["X509SHA256=eedcc62ce3670f498397abbc148100c0cf866c3afb821f075a2403398a7b889f"]},"groups":["system:masters","system:authenticated"],"username":"system:admin"} [36mv=[0m2
[90m2026-08-05T22:55:33Z[0m [31mERR[0m [1mgithub.com/kyverno/kyverno/pkg/webhooks/resource/handlers.go:227[0m[36m >[0m [1mimage verification failed[0m [36merror=[0m[31m[1m"\n\nresource Pod/default/unsigned-test was blocked due to the following policies \n\nverify-ghcr-image-signature:\n  check-image-signature: 'failed to verify image docker.io/nginx:latest: .attestors[0].entries[0].keyless:\n    no signatures found'\nverify-ghcr-sbom-attestation:\n  check-sbom-attestation: 'image attestations verification failed, verifiedCount:\n    0, requiredCount: 1, error: no matching attestations: '\nverify-image-signature:\n  check-image-signature: 'failed to verify image docker.io/nginx:latest: .attestors[0].entries[0].keyless:\n    no signatures found'\nverify-sbom-attestation:\n  check-sbom-attestation: 'image attestations verification failed, verifiedCount:\n    0, requiredCount: 1, error: no matching attestations: '\n"[0m[0m [36mURLParams=[0m [36mclusterroles=[0m["cluster-admin","system:basic-user","system:discovery","system:public-info-viewer"] [36mgvk=[0m"/v1, Kind=Pod" [36mgvr=[0m"/v1, Resource=pods" [36mkind=[0mPod [36mlogger=[0mwebhooks/resource/mutate [36mname=[0munsigned-test [36mnamespace=[0mdefault [36moperation=[0mCREATE [36mresource.gvk=[0m"/v1, Kind=Pod" [36mroles=[0m[] [36muid=[0mab5f5fac-8b21-48cc-a977-34271ffd76da [36muser=[0m{"extra":{"authentication.kubernetes.io/credential-id":["X509SHA256=eedcc62ce3670f498397abbc148100c0cf866c3afb821f075a2403398a7b889f"]},"groups":["system:masters","system:authenticated"],"username":"system:admin"}
[90m2026-08-05T22:58:37Z[0m [34mTRC[0m [1mgithub.com/kyverno/kyverno/pkg/engine/internal/imageverifier.go:99[0m[36m >[0m cache entry not found [36mimageRef=[0mghcr.io/sigstore/cosign:latest [36mlogger=[0mengine.verify [36mnamespace=[0m [36mnew.kind=[0mPod [36mnew.name=[0mno-sbom-test [36mnew.namespace=[0mdefault [36mpolicy=[0mverify-ghcr-image-signature [36mpolicy.apply=[0mAll [36mpolicy.name=[0mverify-ghcr-image-signature [36mpolicy.namespace=[0m [36mrule.name=[0mcheck-image-signature [36mruleName=[0mcheck-image-signature [36mv=[0m2
[90m2026-08-05T22:58:37Z[0m [34mTRC[0m [1mgithub.com/kyverno/kyverno/pkg/engine/internal/imageverifier.go:154[0m[36m >[0m verifying image signatures [36mattestations=[0m0 [36mattestors=[0m1 [36mimage=[0mghcr.io/sigstore/cosign:latest [36mlogger=[0mengine.verify [36mnew.kind=[0mPod [36mnew.name=[0mno-sbom-test [36mnew.namespace=[0mdefault [36mpolicy.apply=[0mAll [36mpolicy.name=[0mverify-ghcr-image-signature [36mpolicy.namespace=[0m [36mrule.name=[0mcheck-image-signature [36mv=[0m2
[90m2026-08-05T22:58:37Z[0m [32mINF[0m [1mgithub.com/kyverno/kyverno/pkg/image/verifiers/cpol/cosign/verifier.go:63[0m[36m >[0m [1mimage verification failed[0m [36merror=[0m[31m[1m"GET https://ghcr.io/token?scope=repository%3Asigstore%2Fcosign%3Apull&service=ghcr.io: DENIED: requested access to the resource is denied"[0m[0m [36mlogger=[0mcosign [36mv=[0m0
[90m2026-08-05T22:58:37Z[0m [32mINF[0m [1mgithub.com/kyverno/kyverno/pkg/engine/internal/imageverifier.go:374[0m[36m >[0m [1mimage attestors verification failed[0m [36merrors=[0m".attestors[0].entries[0].keyless: GET https://ghcr.io/token?scope=repository%3Asigstore%2Fcosign%3Apull&service=ghcr.io: DENIED: requested access to the resource is denied" [36mimage=[0mghcr.io/sigstore/cosign:latest [36mlogger=[0mengine.verify [36mnew.kind=[0mPod [36mnew.name=[0mno-sbom-test [36mnew.namespace=[0mdefault [36mpolicy.apply=[0mAll [36mpolicy.name=[0mverify-ghcr-image-signature [36mpolicy.namespace=[0m [36mrequiredCount=[0m1 [36mrule.name=[0mcheck-image-signature [36mv=[0m0 [36mverifiedCount=[0m0
[90m2026-08-05T22:58:37Z[0m [31mERR[0m [1mgithub.com/kyverno/kyverno/pkg/engine/internal/imageverifier.go:198[0m[36m >[0m [1mfailed to verify image[0m [36merror=[0m[31m[1m".attestors[0].entries[0].keyless: GET https://ghcr.io/token?scope=repository%3Asigstore%2Fcosign%3Apull&service=ghcr.io: DENIED: requested access to the resource is denied"[0m[0m [36mimage=[0mghcr.io/sigstore/cosign:latest [36mlogger=[0mengine.verify [36mnew.kind=[0mPod [36mnew.name=[0mno-sbom-test [36mnew.namespace=[0mdefault [36mpolicy.apply=[0mAll [36mpolicy.name=[0mverify-ghcr-image-signature [36mpolicy.namespace=[0m [36mrule.name=[0mcheck-image-signature
[90m2026-08-05T22:58:37Z[0m [34mTRC[0m [1mgithub.com/kyverno/kyverno/pkg/engine/internal/imageverifier.go:99[0m[36m >[0m cache entry not found [36mimageRef=[0mghcr.io/sigstore/cosign:latest [36mlogger=[0mengine.verify [36mnamespace=[0m [36mnew.kind=[0mPod [36mnew.name=[0mno-sbom-test [36mnew.namespace=[0mdefault [36mpolicy=[0mverify-ghcr-sbom-attestation [36mpolicy.apply=[0mAll [36mpolicy.name=[0mverify-ghcr-sbom-attestation [36mpolicy.namespace=[0m [36mrule.name=[0mcheck-sbom-attestation [36mruleName=[0mcheck-sbom-attestation [36mv=[0m2
[90m2026-08-05T22:58:37Z[0m [34mTRC[0m [1mgithub.com/kyverno/kyverno/pkg/engine/internal/imageverifier.go:154[0m[36m >[0m verifying image signatures [36mattestations=[0m1 [36mattestors=[0m0 [36mimage=[0mghcr.io/sigstore/cosign:latest [36mlogger=[0mengine.verify [36mnew.kind=[0mPod [36mnew.name=[0mno-sbom-test [36mnew.namespace=[0mdefault [36mpolicy.apply=[0mAll [36mpolicy.name=[0mverify-ghcr-sbom-attestation [36mpolicy.namespace=[0m [36mrule.name=[0mcheck-sbom-attestation [36mv=[0m2
[90m2026-08-05T22:58:37Z[0m [34mTRC[0m [1mgithub.com/kyverno/kyverno/pkg/engine/internal/imageverifier.go:230[0m[36m >[0m attestation {Name: PredicateType:https://cyclonedx.org/bom Type: Attestors:[{Count:0x3c3d28442320 Entries:[{Keys:<nil> Certificates:<nil> Keyless:0x3c3d28ca39d0 Attestor:nil Annotations:map[] Repository: SignatureAlgorithm:sha256}]}] Conditions:[]} [36mlogger=[0mengine.verify [36mnew.kind=[0mPod [36mnew.name=[0mno-sbom-test [36mnew.namespace=[0mdefault [36mpolicy.apply=[0mAll [36mpolicy.name=[0mverify-ghcr-sbom-attestation [36mpolicy.namespace=[0m [36mrule.name=[0mcheck-sbom-attestation [36mv=[0m2
[90m2026-08-05T22:58:37Z[0m [32mINF[0m [1mgithub.com/kyverno/kyverno/pkg/image/verifiers/cpol/cosign/verifier.go:130[0m[36m >[0m [1mfailed to fetch attestations[0m [36merror=[0m[31m[1m"GET https://ghcr.io/token?scope=repository%3Asigstore%2Fcosign%3Apull&service=ghcr.io: DENIED: requested access to the resource is denied"[0m[0m [36mlogger=[0mcosign [36mv=[0m0
[90m2026-08-05T22:58:37Z[0m [31mERR[0m [1mgithub.com/kyverno/kyverno/pkg/engine/internal/imageverifier.go:255[0m[36m >[0m [1mfailed to fetch attestations[0m [36merror=[0m[31m[1m"GET https://ghcr.io/token?scope=repository%3Asigstore%2Fcosign%3Apull&service=ghcr.io: DENIED: requested access to the resource is denied"[0m[0m [36mimage=[0mghcr.io/sigstore/cosign:latest [36mlogger=[0mengine.verify [36mnew.kind=[0mPod [36mnew.name=[0mno-sbom-test [36mnew.namespace=[0mdefault [36mpolicy.apply=[0mAll [36mpolicy.name=[0mverify-ghcr-sbom-attestation [36mpolicy.namespace=[0m [36mrule.name=[0mcheck-sbom-attestation
[90m2026-08-05T22:58:37Z[0m [34mTRC[0m [1mgithub.com/kyverno/kyverno/pkg/engine/internal/imageverifier.go:99[0m[36m >[0m cache entry not found [36mimageRef=[0mghcr.io/sigstore/cosign:latest [36mlogger=[0mengine.verify [36mnamespace=[0m [36mnew.kind=[0mPod [36mnew.name=[0mno-sbom-test [36mnew.namespace=[0mdefault [36mpolicy=[0mverify-image-signature [36mpolicy.apply=[0mAll [36mpolicy.name=[0mverify-image-signature [36mpolicy.namespace=[0m [36mrule.name=[0mcheck-image-signature [36mruleName=[0mcheck-image-signature [36mv=[0m2
[90m2026-08-05T22:58:37Z[0m [34mTRC[0m [1mgithub.com/kyverno/kyverno/pkg/engine/internal/imageverifier.go:154[0m[36m >[0m verifying image signatures [36mattestations=[0m0 [36mattestors=[0m1 [36mimage=[0mghcr.io/sigstore/cosign:latest [36mlogger=[0mengine.verify [36mnew.kind=[0mPod [36mnew.name=[0mno-sbom-test [36mnew.namespace=[0mdefault [36mpolicy.apply=[0mAll [36mpolicy.name=[0mverify-image-signature [36mpolicy.namespace=[0m [36mrule.name=[0mcheck-image-signature [36mv=[0m2
[90m2026-08-05T22:58:37Z[0m [32mINF[0m [1mgithub.com/kyverno/kyverno/pkg/image/verifiers/cpol/cosign/verifier.go:63[0m[36m >[0m [1mimage verification failed[0m [36merror=[0m[31m[1m"GET https://ghcr.io/token?scope=repository%3Asigstore%2Fcosign%3Apull&service=ghcr.io: DENIED: requested access to the resource is denied"[0m[0m [36mlogger=[0mcosign [36mv=[0m0
[90m2026-08-05T22:58:37Z[0m [32mINF[0m [1mgithub.com/kyverno/kyverno/pkg/engine/internal/imageverifier.go:374[0m[36m >[0m [1mimage attestors verification failed[0m [36merrors=[0m".attestors[0].entries[0].keyless: GET https://ghcr.io/token?scope=repository%3Asigstore%2Fcosign%3Apull&service=ghcr.io: DENIED: requested access to the resource is denied" [36mimage=[0mghcr.io/sigstore/cosign:latest [36mlogger=[0mengine.verify [36mnew.kind=[0mPod [36mnew.name=[0mno-sbom-test [36mnew.namespace=[0mdefault [36mpolicy.apply=[0mAll [36mpolicy.name=[0mverify-image-signature [36mpolicy.namespace=[0m [36mrequiredCount=[0m1 [36mrule.name=[0mcheck-image-signature [36mv=[0m0 [36mverifiedCount=[0m0
[90m2026-08-05T22:58:37Z[0m [31mERR[0m [1mgithub.com/kyverno/kyverno/pkg/engine/internal/imageverifier.go:198[0m[36m >[0m [1mfailed to verify image[0m [36merror=[0m[31m[1m".attestors[0].entries[0].keyless: GET https://ghcr.io/token?scope=repository%3Asigstore%2Fcosign%3Apull&service=ghcr.io: DENIED: requested access to the resource is denied"[0m[0m [36mimage=[0mghcr.io/sigstore/cosign:latest [36mlogger=[0mengine.verify [36mnew.kind=[0mPod [36mnew.name=[0mno-sbom-test [36mnew.namespace=[0mdefault [36mpolicy.apply=[0mAll [36mpolicy.name=[0mverify-image-signature [36mpolicy.namespace=[0m [36mrule.name=[0mcheck-image-signature
[90m2026-08-05T22:58:38Z[0m [34mTRC[0m [1mgithub.com/kyverno/kyverno/pkg/engine/internal/imageverifier.go:99[0m[36m >[0m cache entry not found [36mimageRef=[0mghcr.io/sigstore/cosign:latest [36mlogger=[0mengine.verify [36mnamespace=[0m [36mnew.kind=[0mPod [36mnew.name=[0mno-sbom-test [36mnew.namespace=[0mdefault [36mpolicy=[0mverify-sbom-attestation [36mpolicy.apply=[0mAll [36mpolicy.name=[0mverify-sbom-attestation [36mpolicy.namespace=[0m [36mrule.name=[0mcheck-sbom-attestation [36mruleName=[0mcheck-sbom-attestation [36mv=[0m2
[90m2026-08-05T22:58:38Z[0m [34mTRC[0m [1mgithub.com/kyverno/kyverno/pkg/engine/internal/imageverifier.go:154[0m[36m >[0m verifying image signatures [36mattestations=[0m1 [36mattestors=[0m0 [36mimage=[0mghcr.io/sigstore/cosign:latest [36mlogger=[0mengine.verify [36mnew.kind=[0mPod [36mnew.name=[0mno-sbom-test [36mnew.namespace=[0mdefault [36mpolicy.apply=[0mAll [36mpolicy.name=[0mverify-sbom-attestation [36mpolicy.namespace=[0m [36mrule.name=[0mcheck-sbom-attestation [36mv=[0m2
[90m2026-08-05T22:58:38Z[0m [34mTRC[0m [1mgithub.com/kyverno/kyverno/pkg/engine/internal/imageverifier.go:230[0m[36m >[0m attestation {Name: PredicateType:https://cyclonedx.org/bom Type: Attestors:[{Count:0x3c3d2829b1f0 Entries:[{Keys:<nil> Certificates:<nil> Keyless:0x3c3d29203420 Attestor:nil Annotations:map[] Repository: SignatureAlgorithm:sha256}]}] Conditions:[]} [36mlogger=[0mengine.verify [36mnew.kind=[0mPod [36mnew.name=[0mno-sbom-test [36mnew.namespace=[0mdefault [36mpolicy.apply=[0mAll [36mpolicy.name=[0mverify-sbom-attestation [36mpolicy.namespace=[0m [36mrule.name=[0mcheck-sbom-attestation [36mv=[0m2
[90m2026-08-05T22:58:38Z[0m [32mINF[0m [1mgithub.com/kyverno/kyverno/pkg/image/verifiers/cpol/cosign/verifier.go:130[0m[36m >[0m [1mfailed to fetch attestations[0m [36merror=[0m[31m[1m"GET https://ghcr.io/token?scope=repository%3Asigstore%2Fcosign%3Apull&service=ghcr.io: DENIED: requested access to the resource is denied"[0m[0m [36mlogger=[0mcosign [36mv=[0m0
[90m2026-08-05T22:58:38Z[0m [31mERR[0m [1mgithub.com/kyverno/kyverno/pkg/engine/internal/imageverifier.go:255[0m[36m >[0m [1mfailed to fetch attestations[0m [36merror=[0m[31m[1m"GET https://ghcr.io/token?scope=repository%3Asigstore%2Fcosign%3Apull&service=ghcr.io: DENIED: requested access to the resource is denied"[0m[0m [36mimage=[0mghcr.io/sigstore/cosign:latest [36mlogger=[0mengine.verify [36mnew.kind=[0mPod [36mnew.name=[0mno-sbom-test [36mnew.namespace=[0mdefault [36mpolicy.apply=[0mAll [36mpolicy.name=[0mverify-sbom-attestation [36mpolicy.namespace=[0m [36mrule.name=[0mcheck-sbom-attestation
[90m2026-08-05T22:58:38Z[0m [34mTRC[0m [1mgithub.com/kyverno/kyverno/pkg/webhooks/utils/block.go:29[0m[36m >[0m blocking admission request [36mURLParams=[0m [36mclusterroles=[0m["cluster-admin","system:basic-user","system:discovery","system:public-info-viewer"] [36mgvk=[0m"/v1, Kind=Pod" [36mgvr=[0m"/v1, Resource=pods" [36mkind=[0mPod [36mlogger=[0mwebhooks/resource/mutate [36mname=[0mno-sbom-test [36mnamespace=[0mdefault [36moperation=[0mCREATE [36mpolicy=[0mverify-ghcr-sbom-attestation [36mresource.gvk=[0m"/v1, Kind=Pod" [36mroles=[0m[] [36muid=[0m68c17167-84d5-4537-9311-05ddb4b647a2 [36muser=[0m{"extra":{"authentication.kubernetes.io/credential-id":["X509SHA256=eedcc62ce3670f498397abbc148100c0cf866c3afb821f075a2403398a7b889f"]},"groups":["system:masters","system:authenticated"],"username":"system:admin"} [36mv=[0m2
[90m2026-08-05T22:58:38Z[0m [31mERR[0m [1mgithub.com/kyverno/kyverno/pkg/webhooks/resource/handlers.go:227[0m[36m >[0m [1mimage verification failed[0m [36merror=[0m[31m[1m"\n\nresource Pod/default/no-sbom-test was blocked due to the following policies \n\nverify-ghcr-image-signature:\n  check-image-signature: 'failed to verify image ghcr.io/sigstore/cosign:latest: .attestors[0].entries[0].keyless:\n    GET https://ghcr.io/token?scope=repository%3Asigstore%2Fcosign%3Apull&service=ghcr.io:\n    DENIED: requested access to the resource is denied'\nverify-ghcr-sbom-attestation:\n  check-sbom-attestation: 'image attestations verification failed, verifiedCount:\n    0, requiredCount: 1, error: GET https://ghcr.io/token?scope=repository%3Asigstore%2Fcosign%3Apull&service=ghcr.io:\n    DENIED: requested access to the resource is denied'\nverify-image-signature:\n  check-image-signature: 'failed to verify image ghcr.io/sigstore/cosign:latest: .attestors[0].entries[0].keyless:\n    GET https://ghcr.io/token?scope=repository%3Asigstore%2Fcosign%3Apull&service=ghcr.io:\n    DENIED: requested access to the resource is denied'\nverify-sbom-attestation:\n  check-sbom-attestation: 'image attestations verification failed, verifiedCount:\n    0, requiredCount: 1, error: GET https://ghcr.io/token?scope=repository%3Asigstore%2Fcosign%3Apull&service=ghcr.io:\n    DENIED: requested access to the resource is denied'\n"[0m[0m [36mURLParams=[0m [36mclusterroles=[0m["cluster-admin","system:basic-user","system:discovery","system:public-info-viewer"] [36mgvk=[0m"/v1, Kind=Pod" [36mgvr=[0m"/v1, Resource=pods" [36mkind=[0mPod [36mlogger=[0mwebhooks/resource/mutate [36mname=[0mno-sbom-test [36mnamespace=[0mdefault [36moperation=[0mCREATE [36mresource.gvk=[0m"/v1, Kind=Pod" [36mroles=[0m[] [36muid=[0m68c17167-84d5-4537-9311-05ddb4b647a2 [36muser=[0m{"extra":{"authentication.kubernetes.io/credential-id":["X509SHA256=eedcc62ce3670f498397abbc148100c0cf866c3afb821f075a2403398a7b889f"]},"groups":["system:masters","system:authenticated"],"username":"system:admin"}
